Component: ARM Compiler 5.06 update 1 (build 61) Tool: armlink [4d35a8]

==============================================================================

Section Cross References

    main.o(i.main) refers to _printf_percent.o(.ARM.Collect$$_printf_percent$$00000000) for _printf_percent
    main.o(i.main) refers to _printf_x.o(.ARM.Collect$$_printf_percent$$0000000C) for _printf_x
    main.o(i.main) refers to _printf_hex_int.o(.text) for _printf_longlong_hex
    main.o(i.main) refers to _printf_pad.o(.text) for _printf_pre_padding
    main.o(i.main) refers to _printf_d.o(.ARM.Collect$$_printf_percent$$00000009) for _printf_d
    main.o(i.main) refers to _printf_dec.o(.text) for _printf_int_dec
    main.o(i.main) refers to spi.o(i.SPIRC552_Config) for SPIRC552_Config
    main.o(i.main) refers to tim.o(i.TIMDelay_Config) for TIMDelay_Config
    main.o(i.main) refers to usart.o(i.UART1_Config) for UART1_Config
    main.o(i.main) refers to rfid_rc522.o(i.MFRC522_Init) for MFRC522_Init
    main.o(i.main) refers to ff.o(i.f_mount) for f_mount
    main.o(i.main) refers to ff.o(i.f_open) for f_open
    main.o(i.main) refers to main.o(i.showFileContent) for showFileContent
    main.o(i.main) refers to ff.o(i.f_read) for f_read
    main.o(i.main) refers to ff.o(i.f_close) for f_close
    main.o(i.main) refers to tim.o(i.Delay_ms) for Delay_ms
    main.o(i.main) refers to rfid_rc522.o(i.MFRC522_Request) for MFRC522_Request
    main.o(i.main) refers to noretval__2sprintf.o(.text) for __2sprintf
    main.o(i.main) refers to usart.o(i.USART_SendString) for USART_SendString
    main.o(i.main) refers to rfid_rc522.o(i.MFRC522_Anticoll) for MFRC522_Anticoll
    main.o(i.main) refers to main.o(i.compareArrays) for compareArrays
    main.o(i.main) refers to main.o(.bss) for FatFs
    main.o(i.main) refers to main.o(.data) for fr
    main.o(i.showFileContent) refers to ff.o(i.f_lseek) for f_lseek
    main.o(i.showFileContent) refers to usart.o(i.USART_SendChar) for USART_SendChar
    main.o(i.showFileContent) refers to ff.o(i.f_read) for f_read
    main.o(i.showFileContent) refers to main.o(.bss) for fil
    system_stm32f4xx.o(i.SystemCoreClockUpdate) refers to system_stm32f4xx.o(.data) for SystemCoreClock
    system_stm32f4xx.o(i.SystemInit) refers to system_stm32f4xx.o(i.SetSysClock) for SetSysClock
    rfid_rc522.o(i.AntennaOff) refers to rfid_rc522.o(i.ClearBitMask) for ClearBitMask
    rfid_rc522.o(i.AntennaOn) refers to rfid_rc522.o(i.Read_MFRC522) for Read_MFRC522
    rfid_rc522.o(i.AntennaOn) refers to rfid_rc522.o(i.SetBitMask) for SetBitMask
    rfid_rc522.o(i.CalulateCRC) refers to rfid_rc522.o(i.ClearBitMask) for ClearBitMask
    rfid_rc522.o(i.CalulateCRC) refers to rfid_rc522.o(i.SetBitMask) for SetBitMask
    rfid_rc522.o(i.CalulateCRC) refers to rfid_rc522.o(i.Write_MFRC522) for Write_MFRC522
    rfid_rc522.o(i.CalulateCRC) refers to rfid_rc522.o(i.Read_MFRC522) for Read_MFRC522
    rfid_rc522.o(i.ClearBitMask) refers to rfid_rc522.o(i.Read_MFRC522) for Read_MFRC522
    rfid_rc522.o(i.ClearBitMask) refers to rfid_rc522.o(i.Write_MFRC522) for Write_MFRC522
    rfid_rc522.o(i.MFRC522_Anticoll) refers to rfid_rc522.o(i.Write_MFRC522) for Write_MFRC522
    rfid_rc522.o(i.MFRC522_Anticoll) refers to rfid_rc522.o(i.MFRC522_ToCard) for MFRC522_ToCard
    rfid_rc522.o(i.MFRC522_Auth) refers to rfid_rc522.o(i.MFRC522_ToCard) for MFRC522_ToCard
    rfid_rc522.o(i.MFRC522_Auth) refers to rfid_rc522.o(i.Read_MFRC522) for Read_MFRC522
    rfid_rc522.o(i.MFRC522_Halt) refers to rfid_rc522.o(i.CalulateCRC) for CalulateCRC
    rfid_rc522.o(i.MFRC522_Halt) refers to rfid_rc522.o(i.MFRC522_ToCard) for MFRC522_ToCard
    rfid_rc522.o(i.MFRC522_Init) refers to rfid_rc522.o(i.MFRC522_Reset) for MFRC522_Reset
    rfid_rc522.o(i.MFRC522_Init) refers to rfid_rc522.o(i.Write_MFRC522) for Write_MFRC522
    rfid_rc522.o(i.MFRC522_Init) refers to rfid_rc522.o(i.AntennaOn) for AntennaOn
    rfid_rc522.o(i.MFRC522_Read) refers to rfid_rc522.o(i.CalulateCRC) for CalulateCRC
    rfid_rc522.o(i.MFRC522_Read) refers to rfid_rc522.o(i.MFRC522_ToCard) for MFRC522_ToCard
    rfid_rc522.o(i.MFRC522_Request) refers to rfid_rc522.o(i.Write_MFRC522) for Write_MFRC522
    rfid_rc522.o(i.MFRC522_Request) refers to rfid_rc522.o(i.MFRC522_ToCard) for MFRC522_ToCard
    rfid_rc522.o(i.MFRC522_Reset) refers to rfid_rc522.o(i.Write_MFRC522) for Write_MFRC522
    rfid_rc522.o(i.MFRC522_SelectTag) refers to rfid_rc522.o(i.CalulateCRC) for CalulateCRC
    rfid_rc522.o(i.MFRC522_SelectTag) refers to rfid_rc522.o(i.MFRC522_ToCard) for MFRC522_ToCard
    rfid_rc522.o(i.MFRC522_ToCard) refers to rfid_rc522.o(i.Write_MFRC522) for Write_MFRC522
    rfid_rc522.o(i.MFRC522_ToCard) refers to rfid_rc522.o(i.ClearBitMask) for ClearBitMask
    rfid_rc522.o(i.MFRC522_ToCard) refers to rfid_rc522.o(i.SetBitMask) for SetBitMask
    rfid_rc522.o(i.MFRC522_ToCard) refers to rfid_rc522.o(i.Read_MFRC522) for Read_MFRC522
[...]
    i.SDIO_Init                              0x0800165c   Section        0  stm32f4xx_sdio.o(i.SDIO_Init)
    i.SDIO_ReadData                          0x0800168c   Section        0  stm32f4xx_sdio.o(i.SDIO_ReadData)
    i.SDIO_SendCommand                       0x08001698   Section        0  stm32f4xx_sdio.o(i.SDIO_SendCommand)
    i.SDIO_SetPowerState                     0x080016c4   Section        0  stm32f4xx_sdio.o(i.SDIO_SetPowerState)
    i.SD_Detect                              0x080016d0   Section        0  fatfs_sd_sdio.o(i.SD_Detect)
    i.SD_EnableWideBusOperation              0x080016e8   Section        0  fatfs_sd_sdio.o(i.SD_EnableWideBusOperation)
    i.SD_GetCardInfo                         0x0800177c   Section        0  fatfs_sd_sdio.o(i.SD_GetCardInfo)
    i.SD_GetState                            0x08001a98   Section        0  fatfs_sd_sdio.o(i.SD_GetState)
    i.SD_GetStatus                           0x08001abe   Section        0  fatfs_sd_sdio.o(i.SD_GetStatus)
    i.SD_Init                                0x08001adc   Section        0  fatfs_sd_sdio.o(i.SD_Init)
    i.SD_InitializeCards                     0x08001b64   Section        0  fatfs_sd_sdio.o(i.SD_InitializeCards)
    i.SD_LowLevel_DMA_RxConfig               0x08001c9c   Section        0  fatfs_sd_sdio.o(i.SD_LowLevel_DMA_RxConfig)
    i.SD_LowLevel_DMA_TxConfig               0x08001d2c   Section        0  fatfs_sd_sdio.o(i.SD_LowLevel_DMA_TxConfig)
    i.SD_LowLevel_DeInit                     0x08001dbc   Section        0  fatfs_sd_sdio.o(i.SD_LowLevel_DeInit)
    i.SD_LowLevel_Init                       0x08001e10   Section        0  fatfs_sd_sdio.o(i.SD_LowLevel_Init)
    i.SD_PowerON                             0x08001e68   Section        0  fatfs_sd_sdio.o(i.SD_PowerON)
    i.SD_ProcessDMAIRQ                       0x08002008   Section        0  fatfs_sd_sdio.o(i.SD_ProcessDMAIRQ)
    i.SD_ProcessIRQSrc                       0x08002030   Section        0  fatfs_sd_sdio.o(i.SD_ProcessIRQSrc)
    i.SD_ReadMultiBlocks                     0x080020e4   Section        0  fatfs_sd_sdio.o(i.SD_ReadMultiBlocks)
    i.SD_SelectDeselect                      0x080021e4   Section        0  fatfs_sd_sdio.o(i.SD_SelectDeselect)
    i.SD_SendStatus                          0x0800221c   Section        0  fatfs_sd_sdio.o(i.SD_SendStatus)
    i.SD_StopTransfer                        0x08002270   Section        0  fatfs_sd_sdio.o(i.SD_StopTransfer)
    i.SD_WaitReadOperation                   0x080022a4   Section        0  fatfs_sd_sdio.o(i.SD_WaitReadOperation)
    i.SD_WaitWriteOperation                  0x08002338   Section        0  fatfs_sd_sdio.o(i.SD_WaitWriteOperation)
    i.SD_WriteMultiBlocks                    0x080023bc   Section        0  fatfs_sd_sdio.o(i.SD_WriteMultiBlocks)
    i.SPIRC552_Config                        0x0800251c   Section        0  spi.o(i.SPIRC552_Config)
    i.SPI_Cmd                                0x080025fc   Section        0  stm32f4xx_spi.o(i.SPI_Cmd)
    i.SPI_I2S_GetFlagStatus                  0x08002614   Section        0  stm32f4xx_spi.o(i.SPI_I2S_GetFlagStatus)
    i.SPI_I2S_ReceiveData                    0x08002626   Section        0  stm32f4xx_spi.o(i.SPI_I2S_ReceiveData)
    i.SPI_I2S_SendData                       0x0800262c   Section        0  stm32f4xx_spi.o(i.SPI_I2S_SendData)
    i.SPI_Init                               0x08002630   Section        0  stm32f4xx_spi.o(i.SPI_Init)
    i.SPI_StructInit                         0x0800266c   Section        0  stm32f4xx_spi.o(i.SPI_StructInit)
    i.SetBitMask                             0x08002684   Section        0  rfid_rc522.o(i.SetBitMask)
    i.SetSysClock                            0x080026a0   Section        0  system_stm32f4xx.o(i.SetSysClock)
    SetSysClock                              0x080026a1   Thumb Code   220  system_stm32f4xx.o(i.SetSysClock)
    i.SysTick_Handler                        0x0800278c   Section        0  tm_stm32f4_delay.o(i.SysTick_Handler)
    i.SystemInit                             0x0800283c   Section        0  system_stm32f4xx.o(i.SystemInit)
    i.TIMDelay_Config                        0x080028a4   Section        0  tim.o(i.TIMDelay_Config)
    i.TIM_Cmd                                0x080028dc   Section        0  stm32f4xx_tim.o(i.TIM_Cmd)
    i.TIM_GetCounter                         0x080028f4   Section        0  stm32f4xx_tim.o(i.TIM_GetCounter)
    i.TIM_SetCounter                         0x080028fa   Section        0  stm32f4xx_tim.o(i.TIM_SetCounter)
    i.TIM_TimeBaseInit                       0x08002900   Section        0  stm32f4xx_tim.o(i.TIM_TimeBaseInit)
    i.TM_FATFS_CheckCardDetectPin            0x08002984   Section        0  tm_stm32f4_fatfs.o(i.TM_FATFS_CheckCardDetectPin)
    i.TM_FATFS_SDIO_WriteEnabled             0x08002988   Section        0  fatfs_sd_sdio.o(i.TM_FATFS_SDIO_WriteEnabled)
    i.TM_FATFS_SDRAM_disk_initialize         0x0800298c   Section        0  diskio.o(i.TM_FATFS_SDRAM_disk_initialize)
    i.TM_FATFS_SDRAM_disk_ioctl              0x08002990   Section        0  diskio.o(i.TM_FATFS_SDRAM_disk_ioctl)
    i.TM_FATFS_SDRAM_disk_read               0x08002996   Section        0  diskio.o(i.TM_FATFS_SDRAM_disk_read)
    i.TM_FATFS_SDRAM_disk_status             0x0800299c   Section        0  diskio.o(i.TM_FATFS_SDRAM_disk_status)
    i.TM_FATFS_SDRAM_disk_write              0x080029a0   Section        0  diskio.o(i.TM_FATFS_SDRAM_disk_write)
    i.TM_FATFS_SD_SDIO_disk_initialize       0x080029a8   Section        0  fatfs_sd_sdio.o(i.TM_FATFS_SD_SDIO_disk_initialize)
    i.TM_FATFS_SD_SDIO_disk_ioctl            0x08002a34   Section        0  fatfs_sd_sdio.o(i.TM_FATFS_SD_SDIO_disk_ioctl)
    i.TM_FATFS_SD_SDIO_disk_read             0x08002a60   Section        0  fatfs_sd_sdio.o(i.TM_FATFS_SD_SDIO_disk_read)
    i.TM_FATFS_SD_SDIO_disk_status           0x08002b08   Section        0  fatfs_sd_sdio.o(i.TM_FATFS_SD_SDIO_disk_status)
    i.TM_FATFS_SD_SDIO_disk_write            0x08002b40   Section        0  fatfs_sd_sdio.o(i.TM_FATFS_SD_SDIO_disk_write)
    i.TM_FATFS_SPI_FLASH_disk_initialize     0x08002bec   Section        0  diskio.o(i.TM_FATFS_SPI_FLASH_disk_initialize)
    i.TM_FATFS_SPI_FLASH_disk_ioctl          0x08002bf0   Section        0  diskio.o(i.TM_FATFS_SPI_FLASH_disk_ioctl)
    i.TM_FATFS_SPI_FLASH_disk_read           0x08002bf6   Section        0  diskio.o(i.TM_FATFS_SPI_FLASH_disk_read)
    i.TM_FATFS_SPI_FLASH_disk_status         0x08002bfc   Section        0  diskio.o(i.TM_FATFS_SPI_FLASH_disk_status)
    i.TM_FATFS_SPI_FLASH_disk_write          0x08002c00   Section        0  diskio.o(i.TM_FATFS_SPI_FLASH_disk_write)
    i.TM_FATFS_USB_disk_initialize           0x08002c06   Section        0  diskio.o(i.TM_FATFS_USB_disk_initialize)
    i.TM_FATFS_USB_disk_ioctl                0x08002c0a   Section        0  diskio.o(i.TM_FATFS_USB_disk_ioctl)
    i.TM_FATFS_USB_disk_read                 0x08002c10   Section        0  diskio.o(i.TM_FATFS_USB_disk_read)
    i.TM_FATFS_USB_disk_status               0x08002c16   Section        0  diskio.o(i.TM_FATFS_USB_disk_status)
    i.TM_FATFS_USB_disk_write                0x08002c1a   Section        0  diskio.o(i.TM_FATFS_USB_disk_write)
    i.TM_GPIO_DeInit                         0x08002c20   Section        0  tm_stm32f4_gpio.o(i.TM_GPIO_DeInit)
    i.TM_GPIO_GetPortSource                  0x08002c68   Section        0  tm_stm32f4_gpio.o(i.TM_GPIO_GetPortSource)
    i.TM_GPIO_INT_EnableClock                0x08002c78   Section        0  tm_stm32f4_gpio.o(i.TM_GPIO_INT_EnableClock)
    i.TM_GPIO_INT_Init                       0x08002c98   Section        0  tm_stm32f4_gpio.o(i.TM_GPIO_INT_Init)
    i.TM_GPIO_InitAlternate                  0x08002d48   Section        0  tm_stm32f4_gpio.o(i.TM_GPIO_InitAlternate)
    i.TM_GPIO_SetPullResistor                0x08002db6   Section        0  tm_stm32f4_gpio.o(i.TM_GPIO_SetPullResistor)
    i.UART1_Config                           0x08002de8   Section        0  usart.o(i.UART1_Config)
    i.USART_Cmd                              0x08002e68   Section        0  stm32f4xx_usart.o(i.USART_Cmd)
    i.USART_GetFlagStatus                    0x08002e80   Section        0  stm32f4xx_usart.o(i.USART_GetFlagStatus)
    i.USART_Init                             0x08002e9c   Section        0  stm32f4xx_usart.o(i.USART_Init)
    i.USART_SendChar                         0x08002f70   Section        0  usart.o(i.USART_SendChar)
    i.USART_SendData                         0x08002f98   Section        0  stm32f4xx_usart.o(i.USART_SendData)
    i.USART_SendString                       0x08002fa0   Section        0  usart.o(i.USART_SendString)
    i.Write_MFRC522                          0x08002fb8   Section        0  rfid_rc522.o(i.Write_MFRC522)
    i._is_digit                              0x08002fe4   Section        0  __printf_wp.o(i._is_digit)
    i.check_fs                               0x08002ff4   Section        0  ff.o(i.check_fs)
    check_fs                                 0x08002ff5   Thumb Code   140  ff.o(i.check_fs)
    i.chk_chr                                0x08003084   Section        0  ff.o(i.chk_chr)
    chk_chr                                  0x08003085   Thumb Code    20  ff.o(i.chk_chr)
    i.chk_lock                               0x08003098   Section        0  ff.o(i.chk_lock)
    chk_lock                                 0x08003099   Thumb Code   134  ff.o(i.chk_lock)
    i.clear_lock                             0x08003124   Section        0  ff.o(i.clear_lock)
    clear_lock                               0x08003125   Thumb Code    42  ff.o(i.clear_lock)
    i.clust2sect                             0x08003154   Section        0  ff.o(i.clust2sect)
    i.cmp_lfn                                0x08003170   Section        0  ff.o(i.cmp_lfn)
    cmp_lfn                                  0x08003171   Thumb Code   154  ff.o(i.cmp_lfn)
    i.compareArrays                          0x08003210   Section        0  main.o(i.compareArrays)
    i.create_chain                           0x08003230   Section        0  ff.o(i.create_chain)
    create_chain                             0x08003231   Thumb Code   214  ff.o(i.create_chain)
    i.create_name                            0x08003308   Section        0  ff.o(i.create_name)
    create_name                              0x08003309   Thumb Code   638  ff.o(i.create_name)
    i.dec_lock                               0x080035a0   Section        0  ff.o(i.dec_lock)
    dec_lock                                 0x080035a1   Thumb Code    72  ff.o(i.dec_lock)
    i.dir_alloc                              0x080035ec   Section        0  ff.o(i.dir_alloc)
    dir_alloc                                0x080035ed   Thumb Code    92  ff.o(i.dir_alloc)
    i.dir_find                               0x08003648   Section        0  ff.o(i.dir_find)
    dir_find                                 0x08003649   Thumb Code   234  ff.o(i.dir_find)
    i.dir_next                               0x08003732   Section        0  ff.o(i.dir_next)
    dir_next                                 0x08003733   Thumb Code   270  ff.o(i.dir_next)
    i.dir_register                           0x08003840   Section        0  ff.o(i.dir_register)
    dir_register                             0x08003841   Thumb Code   310  ff.o(i.dir_register)
    i.dir_sdi                                0x08003976   Section        0  ff.o(i.dir_sdi)
    dir_sdi                                  0x08003977   Thumb Code   158  ff.o(i.dir_sdi)
    i.disk_initialize                        0x08003a14   Section        0  diskio.o(i.disk_initialize)
    i.disk_ioctl                             0x08003a3c   Section        0  diskio.o(i.disk_ioctl)
    i.disk_read                              0x08003a6c   Section        0  diskio.o(i.disk_read)
    i.disk_status                            0x08003aac   Section        0  diskio.o(i.disk_status)
    i.disk_write                             0x08003ad8   Section        0  diskio.o(i.disk_write)
    i.enq_lock                               0x08003b18   Section        0  ff.o(i.enq_lock)
    enq_lock                                 0x08003b19   Thumb Code    36  ff.o(i.enq_lock)
    i.f_close                                0x08003b40   Section        0  ff.o(i.f_close)
    i.f_lseek                                0x08003b6a   Section        0  ff.o(i.f_lseek)
    i.f_mount                                0x08003ce8   Section        0  ff.o(i.f_mount)
    i.f_open                                 0x08003d48   Section        0  ff.o(i.f_open)
    i.f_read                                 0x08003f04   Section        0  ff.o(i.f_read)
    i.f_sync                                 0x080040a4   Section        0  ff.o(i.f_sync)
    i.ff_convert                             0x08004154   Section        0  unicode.o(i.ff_convert)
    i.ff_wtoupper                            0x080041a0   Section        0  unicode.o(i.ff_wtoupper)
    i.find_volume                            0x080041d8   Section        0  ff.o(i.find_volume)
    find_volume                              0x080041d9   Thumb Code   910  ff.o(i.find_volume)
    i.fit_lfn                                0x08004578   Section        0  ff.o(i.fit_lfn)
    fit_lfn                                  0x08004579   Thumb Code   122  ff.o(i.fit_lfn)
    i.follow_path                            0x080045f8   Section        0  ff.o(i.follow_path)
    follow_path                              0x080045f9   Thumb Code   174  ff.o(i.follow_path)
    i.gen_numname                            0x080046a8   Section        0  ff.o(i.gen_numname)
    gen_numname                              0x080046a9   Thumb Code   176  ff.o(i.gen_numname)
    i.get_fat                                0x0800475c   Section        0  ff.o(i.get_fat)
    i.get_fattime                            0x08004850   Section        0  diskio.o(i.get_fattime)
    i.get_ldnumber                           0x08004858   Section        0  ff.o(i.get_ldnumber)
    get_ldnumber                             0x08004859   Thumb Code   182  ff.o(i.get_ldnumber)
    i.inc_lock                               0x08004918   Section        0  ff.o(i.inc_lock)
    inc_lock                                 0x08004919   Thumb Code   214  ff.o(i.inc_lock)
    i.ld_clust                               0x080049f4   Section        0  ff.o(i.ld_clust)
    ld_clust                                 0x080049f5   Thumb Code    32  ff.o(i.ld_clust)
    i.main                                   0x08004a14   Section        0  main.o(i.main)
    i.mem_cmp                                0x08004c08   Section        0  ff.o(i.mem_cmp)
    mem_cmp                                  0x08004c09   Thumb Code    38  ff.o(i.mem_cmp)
    i.mem_cpy                                0x08004c2e   Section        0  ff.o(i.mem_cpy)
    mem_cpy                                  0x08004c2f   Thumb Code    26  ff.o(i.mem_cpy)
    i.mem_set                                0x08004c48   Section        0  ff.o(i.mem_set)
    mem_set                                  0x08004c49   Thumb Code    20  ff.o(i.mem_set)
    i.move_window                            0x08004c5c   Section        0  ff.o(i.move_window)
    move_window                              0x08004c5d   Thumb Code    52  ff.o(i.move_window)
    i.put_fat                                0x08004c90   Section        0  ff.o(i.put_fat)
    i.remove_chain                           0x08004dd2   Section        0  ff.o(i.remove_chain)
    remove_chain                             0x08004dd3   Thumb Code   108  ff.o(i.remove_chain)
    i.showFileContent                        0x08004e40   Section        0  main.o(i.showFileContent)
    i.st_clust                               0x08004e70   Section        0  ff.o(i.st_clust)
    st_clust                                 0x08004e71   Thumb Code    16  ff.o(i.st_clust)
    i.sum_sfn                                0x08004e80   Section        0  ff.o(i.sum_sfn)
    sum_sfn                                  0x08004e81   Thumb Code    32  ff.o(i.sum_sfn)
    i.sync_fs                                0x08004ea0   Section        0  ff.o(i.sync_fs)
    sync_fs                                  0x08004ea1   Thumb Code   200  ff.o(i.sync_fs)
    i.sync_window                            0x08004f68   Section        0  ff.o(i.sync_window)
    sync_window                              0x08004f69   Thumb Code    82  ff.o(i.sync_window)
    i.validate                               0x08004fba   Section        0  ff.o(i.validate)
    validate                                 0x08004fbb   Thumb Code    50  ff.o(i.validate)
    x$fpl$fpinit                             0x08004fec   Section       10  fpinit.o(x$fpl$fpinit)
    $v0                                      0x08004fec   Number         0  fpinit.o(x$fpl$fpinit)
    .constdata                               0x08004ff6   Section     1216  unicode.o(.constdata)
    Tbl                                      0x08004ff6   Data         256  unicode.o(.constdata)
    tbl_lower                                0x080050f6   Data         480  unicode.o(.constdata)
    tbl_upper                                0x080052d6   Data         480  unicode.o(.constdata)
    .constdata                               0x080054b8   Section      224  ff.o(.constdata)
    ExCvt                                    0x080054b8   Data         128  ff.o(.constdata)
    LfnOfs                                   0x08005538   Data          13  ff.o(.constdata)
    str                                      0x08005548   Data          36  ff.o(.constdata)
    vst                                      0x0800556c   Data          22  ff.o(.constdata)
    cst                                      0x08005582   Data          22  ff.o(.constdata)
    .constdata                               0x08005598   Section       40  _printf_hex_int.o(.constdata)
    uc_hextab                                0x08005598   Data          20  _printf_hex_int.o(.constdata)
    lc_hextab                                0x080055ac   Data          20  _printf_hex_int.o(.constdata)
    .constdata                               0x080055c0   Section       17  __printf_flags_wp.o(.constdata)
    maptable                                 0x080055c0   Data          17  __printf_flags_wp.o(.constdata)
    .conststring                             0x080055d4   Section       70  ff.o(.conststring)
    .data                                    0x20000000   Section       12  main.o(.data)
    .data                                    0x2000000c   Section       16  stm32f4xx_rcc.o(.data)
    APBAHBPrescTable                         0x2000000c   Data          16  stm32f4xx_rcc.o(.data)
    .data                                    0x2000001c   Section       17  tm_stm32f4_delay.o(.data)
    .data                                    0x20000030   Section      180  diskio.o(.data)
    .data                                    0x200000e4   Section        3  ff.o(.data)
    Fsid                                     0x200000e4   Data           2  ff.o(.data)
    CurrVol                                  0x200000e6   Data           1  ff.o(.data)
    .data                                    0x200000e8   Section       25  fatfs_sd_sdio.o(.data)
    CardType                                 0x200000e8   Data           4  fatfs_sd_sdio.o(.data)
    RCA                                      0x200000ec   Data           4  fatfs_sd_sdio.o(.data)
    TM_FATFS_SD_SDIO_Stat                    0x20000100   Data           1  fatfs_sd_sdio.o(.data)
    .bss                                     0x20000104   Section     1260  main.o(.bss)
    .bss                                     0x200005f0   Section       24  tm_stm32f4_delay.o(.bss)
    CustomTimers                             0x200005f0   Data          24  tm_stm32f4_delay.o(.bss)
    .bss                                     0x20000608   Section       22  tm_stm32f4_gpio.o(.bss)
    GPIO_UsedPins                            0x20000608   Data          22  tm_stm32f4_gpio.o(.bss)
    .bss                                     0x20000620   Section      668  ff.o(.bss)
    FatFs                                    0x20000620   Data          36  ff.o(.bss)
    Files                                    0x20000644   Data         120  ff.o(.bss)
    LfnBuf                                   0x200006bc   Data         512  ff.o(.bss)
    .bss                                     0x200008c0   Section      204  fatfs_sd_sdio.o(.bss)
    CSD_Tab                                  0x200008c0   Data          16  fatfs_sd_sdio.o(.bss)
    CID_Tab                                  0x200008d0   Data          16  fatfs_sd_sdio.o(.bss)
    SDSTATUS_Tab                             0x200008e0   Data          16  fatfs_sd_sdio.o(.bss)
    .bss                                     0x2000098c   Section       96  libspace.o(.bss)
    HEAP                                     0x200009f0   Section      512  startup_stm32f40xx.o(HEAP)
    Heap_Mem                                 0x200009f0   Data         512  startup_stm32f40xx.o(HEAP)
    STACK                                    0x20000bf0   Section     1024  startup_stm32f40xx.o(STACK)
    Stack_Mem                                0x20000bf0   Data        1024  startup_stm32f40xx.o(STACK)
    __initial_sp                             0x20000ff0   Data           0  startup_stm32f40xx.o(STACK)

    Global Symbols

    Symbol Name                              Value     Ov Type        Size  Object(Section)

    BuildAttributes$$THM_ISAv4$E$P$D$K$B$S$7EM$VFPi3$EXTD16$VFPS$VFMA$PE$A:L22UL41UL21$X:L11$S22US41US21$IEEE1$IW$USESV6$~STKCKD$USESV7$~SHL$OTIME$ROPI$EBA8$UX$STANDARDLIB$REQ8$PRES8$EABIv2 0x00000000   Number         0  anon$$obj.o ABSOLUTE
    __ARM_use_no_argv                        0x00000000   Number         0  main.o ABSOLUTE
    _printf_flags                            0x00000000   Number         0  printf_stubs.o ABSOLUTE
    _printf_return_value                     0x00000000   Number         0  printf_stubs.o ABSOLUTE
    _printf_sizespec                         0x00000000   Number         0  printf_stubs.o ABSOLUTE
    _printf_widthprec                        0x00000000   Number         0  printf_stubs.o ABSOLUTE
    TM_DELAY_1msHandler                       - Undefined Weak Reference
    __ARM_exceptions_init                     - Undefined Weak Reference
    __alloca_initialize                       - Undefined Weak Reference
    __arm_preinit_                            - Undefined Weak Reference
    __cpp_initialize__aeabi_                  - Undefined Weak Reference
    __cxa_finalize                            - Undefined Weak Reference
    __rt_locale                               - Undefined Weak Reference
    __sigvec_lookup                           - Undefined Weak Reference
    __user_heap_extent                        - Undefined Weak Reference
    _atexit_init                              - Undefined Weak Reference
    _call_atexit_fns                          - Undefined Weak Reference
    _clock_init                               - Undefined Weak Reference
    _fp_trap_init                             - Undefined Weak Reference
    _fp_trap_shutdown                         - Undefined Weak Reference
    _get_lc_collate                           - Undefined Weak Reference
    _get_lc_ctype                             - Undefined Weak Reference
    _get_lc_monetary                          - Undefined Weak Reference
    _get_lc_numeric                           - Undefined Weak Reference
    _get_lc_time                              - Undefined Weak Reference
    _getenv_init                              - Undefined Weak Reference
    _handle_redirection                       - Undefined Weak Reference
    _initio                                   - Undefined Weak Reference
    _mutex_acquire                            - Undefined Weak Reference
    _mutex_free                               - Undefined Weak Reference
    _mutex_release                            - Undefined Weak Reference
    _printf_mbtowc                            - Undefined Weak Reference
    _printf_truncate_signed                   - Undefined Weak Reference
    _printf_truncate_unsigned                 - Undefined Weak Reference
    _rand_init                                - Undefined Weak Reference
    _signal_finish                            - Undefined Weak Reference
    _signal_init                              - Undefined Weak Reference
    _terminateio                              - Undefined Weak Reference
    __Vectors_Size                           0x00000188   Number         0  startup_stm32f40xx.o ABSOLUTE
    __Vectors                                0x08000000   Data           4  startup_stm32f40xx.o(RESET)
    __Vectors_End                            0x08000188   Data           0  startup_stm32f40xx.o(RESET)
    __main                                   0x08000189   Thumb Code     8  __main.o(!!!main)
    __scatterload                            0x08000191   Thumb Code     0  __scatter.o(!!!scatter)
    __scatterload_rt2                        0x08000191   Thumb Code    44  __scatter.o(!!!scatter)
    __scatterload_rt2_thumb_only             0x08000191   Thumb Code     0  __scatter.o(!!!scatter)
    __scatterload_null                       0x0800019f   Thumb Code     0  __scatter.o(!!!scatter)
    __scatterload_copy                       0x080001c5   Thumb Code    26  __scatter_copy.o(!!handler_copy)
    __scatterload_zeroinit                   0x080001e1   Thumb Code    28  __scatter_zi.o(!!handler_zi)
    _printf_d                                0x080001fd   Thumb Code     0  _printf_d.o(.ARM.Collect$$_printf_percent$$00000009)
    _printf_percent                          0x080001fd   Thumb Code     0  _printf_percent.o(.ARM.Collect$$_printf_percent$$00000000)
    _printf_x                                0x08000203   Thumb Code     0  _printf_x.o(.ARM.Collect$$_printf_percent$$0000000C)
    _printf_percent_end                      0x08000209   Thumb Code     0  _printf_percent_end.o(.ARM.Collect$$_printf_percent$$00000017)
    __rt_lib_init                            0x0800020d   Thumb Code     0  libinit.o(.ARM.Collect$$libinit$$00000000)
    __rt_lib_init_fp_1                       0x0800020f   Thumb Code     0  libinit2.o(.ARM.Collect$$libinit$$00000001)
    __rt_lib_init_alloca_1                   0x08000213   Thumb Code     0  libinit2.o(.ARM.Collect$$libinit$$0000002E)
    __rt_lib_init_argv_1                     0x08000213   Thumb Code     0  libinit2.o(.ARM.Collect$$libinit$$0000002C)
    __rt_lib_init_atexit_1                   0x08000213   Thumb Code     0  libinit2.o(.ARM.Collect$$libinit$$0000001B)
    __rt_lib_init_clock_1                    0x08000213   Thumb Code     0  libinit2.o(.ARM.Collect$$libinit$$00000021)
    __rt_lib_init_cpp_1                      0x08000213   Thumb Code     0  libinit2.o(.ARM.Collect$$libinit$$00000032)
    __rt_lib_init_exceptions_1               0x08000213   Thumb Code     0  libinit2.o(.ARM.Collect$$libinit$$00000030)
    __rt_lib_init_fp_trap_1                  0x08000213   Thumb Code     0  libinit2.o(.ARM.Collect$$libinit$$0000001F)
    __rt_lib_init_getenv_1                   0x08000213   Thumb Code     0  libinit2.o(.ARM.Collect$$libinit$$00000023)
    __rt_lib_init_heap_1                     0x08000213   Thumb Code     0  libinit2.o(.ARM.Collect$$libinit$$0000000A)
    __rt_lib_init_lc_collate_1               0x08000213   Thumb Code     0  libinit2.o(.ARM.Collect$$libinit$$00000011)
    __rt_lib_init_lc_ctype_1                 0x08000213   Thumb Code     0  libinit2.o(.ARM.Collect$$libinit$$00000013)
    __rt_lib_init_lc_monetary_1              0x08000213   Thumb Code     0  libinit2.o(.ARM.Collect$$libinit$$00000015)
    __rt_lib_init_lc_numeric_1               0x08000213   Thumb Code     0  libinit2.o(.ARM.Collect$$libinit$$00000017)
    __rt_lib_init_lc_time_1                  0x08000213   Thumb Code     0  libinit2.o(.ARM.Collect$$libinit$$00000019)
    __rt_lib_init_preinit_1                  0x08000213   Thumb Code     0  libinit2.o(.ARM.Collect$$libinit$$00000004)
    __rt_lib_init_rand_1                     0x08000213   Thumb Code     0  libinit2.o(.ARM.Collect$$libinit$$0000000E)
    __rt_lib_init_return                     0x08000213   Thumb Code     0  libinit2.o(.ARM.Collect$$libinit$$00000033)
    __rt_lib_init_signal_1                   0x08000213   Thumb Code     0  libinit2.o(.ARM.Collect$$libinit$$0000001D)
    __rt_lib_init_stdio_1                    0x08000213   Thumb Code     0  libinit2.o(.ARM.Collect$$libinit$$00000025)
    __rt_lib_init_user_alloc_1               0x08000213   Thumb Code     0  libinit2.o(.ARM.Collect$$libinit$$0000000C)
    __rt_lib_shutdown                        0x08000215   Thumb Code     0  libshutdown.o(.ARM.Collect$$libshutdown$$00000000)
    __rt_lib_shutdown_cpp_1                  0x08000217   Thumb Code     0  libshutdown2.o(.ARM.Collect$$libshutdown$$00000002)
    __rt_lib_shutdown_fp_trap_1              0x08000217   Thumb Code     0  libshutdown2.o(.ARM.Collect$$libshutdown$$00000007)
    __rt_lib_shutdown_heap_1                 0x08000217   Thumb Code     0  libshutdown2.o(.ARM.Collect$$libshutdown$$0000000F)
    __rt_lib_shutdown_return                 0x08000217   Thumb Code     0  libshutdown2.o(.ARM.Collect$$libshutdown$$00000010)
    __rt_lib_shutdown_signal_1               0x08000217   Thumb Code     0  libshutdown2.o(.ARM.Collect$$libshutdown$$0000000A)
    __rt_lib_shutdown_stdio_1                0x08000217   Thumb Code     0  libshutdown2.o(.ARM.Collect$$libshutdown$$00000004)
    __rt_lib_shutdown_user_alloc_1           0x08000217   Thumb Code     0  libshutdown2.o(.ARM.Collect$$libshutdown$$0000000C)
    __rt_entry                               0x08000219   Thumb Code     0  __rtentry.o(.ARM.Collect$$rtentry$$00000000)
    __rt_entry_presh_1                       0x08000219   Thumb Code     0  __rtentry2.o(.ARM.Collect$$rtentry$$00000002)
    __rt_entry_sh                            0x08000219   Thumb Code     0  __rtentry4.o(.ARM.Collect$$rtentry$$00000004)
    __rt_entry_li                            0x0800021f   Thumb Code     0  __rtentry2.o(.ARM.Collect$$rtentry$$0000000A)
    __rt_entry_postsh_1                      0x0800021f   Thumb Code     0  __rtentry2.o(.ARM.Collect$$rtentry$$00000009)
    __rt_entry_main                          0x08000223   Thumb Code     0  __rtentry2.o(.ARM.Collect$$rtentry$$0000000D)
    __rt_entry_postli_1                      0x08000223   Thumb Code     0  __rtentry2.o(.ARM.Collect$$rtentry$$0000000C)
    __rt_exit                                0x0800022b   Thumb Code     0  rtexit.o(.ARM.Collect$$rtexit$$00000000)
    __rt_exit_ls                             0x0800022d   Thumb Code     0  rtexit2.o(.ARM.Collect$$rtexit$$00000003)
    __rt_exit_prels_1                        0x0800022d   Thumb Code     0  rtexit2.o(.ARM.Collect$$rtexit$$00000002)
    __rt_exit_exit                           0x08000231   Thumb Code     0  rtexit2.o(.ARM.Collect$$rtexit$$00000004)
    Reset_Handler                            0x08000239   Thumb Code     8  startup_stm32f40xx.o(.text)
    NMI_Handler                              0x08000241   Thumb Code     2  startup_stm32f40xx.o(.text)
    HardFault_Handler                        0x08000243   Thumb Code     2  startup_stm32f40xx.o(.text)
    MemManage_Handler                        0x08000245   Thumb Code     2  startup_stm32f40xx.o(.text)
    BusFault_Handler                         0x08000247   Thumb Code     2  startup_stm32f40xx.o(.text)
    UsageFault_Handler                       0x08000249   Thumb Code     2  startup_stm32f40xx.o(.text)
    SVC_Handler                              0x0800024b   Thumb Code     2  startup_stm32f40xx.o(.text)
    DebugMon_Handler                         0x0800024d   Thumb Code     2  startup_stm32f40xx.o(.text)
    PendSV_Handler                           0x0800024f   Thumb Code     2  startup_stm32f40xx.o(.text)
    ADC_IRQHandler                           0x08000253   Thumb Code     0  startup_stm32f40xx.o(.text)
    CAN1_RX0_IRQHandler                      0x08000253   Thumb Code     0  startup_stm32f40xx.o(.text)
    CAN1_RX1_IRQHandler                      0x08000253   Thumb Code     0  startup_stm32f40xx.o(.text)
    CAN1_SCE_IRQHandler                      0x08000253   Thumb Code     0  startup_stm32f40xx.o(.text)
    CAN1_TX_IRQHandler                       0x08000253   Thumb Code     0  startup_stm32f40xx.o(.text)
    CAN2_RX0_IRQHandler                      0x08000253   Thumb Code     0  startup_stm32f40xx.o(.text)
    CAN2_RX1_IRQHandler                      0x08000253   Thumb Code     0  startup_stm32f40xx.o(.text)
    CAN2_SCE_IRQHandler                      0x08000253   Thumb Code     0  startup_stm32f40xx.o(.text)
    CAN2_TX_IRQHandler                       0x08000253   Thumb Code     0  startup_stm32f40xx.o(.text)
    CRYP_IRQHandler                          0x08000253   Thumb Code     0  startup_stm32f40xx.o(.text)
    DCMI_IRQHandler                          0x08000253   Thumb Code     0  startup_stm32f40xx.o(.text)
    DMA1_Stream0_IRQHandler                  0x08000253   Thumb Code     0  startup_stm32f40xx.o(.text)
    DMA1_Stream1_IRQHandler                  0x08000253   Thumb Code     0  startup_stm32f40xx.o(.text)
    DMA1_Stream2_IRQHandler                  0x08000253   Thumb Code     0  startup_stm32f40xx.o(.text)
    DMA1_Stream3_IRQHandler                  0x08000253   Thumb Code     0  startup_stm32f40xx.o(.text)
    DMA1_Stream4_IRQHandler                  0x08000253   Thumb Code     0  startup_stm32f40xx.o(.text)
    DMA1_Stream5_IRQHandler                  0x08000253   Thumb Code     0  startup_stm32f40xx.o(.text)
    DMA1_Stream6_IRQHandler                  0x08000253   Thumb Code     0  startup_stm32f40xx.o(.text)
    DMA1_Stream7_IRQHandler                  0x08000253   Thumb Code     0  startup_stm32f40xx.o(.text)
    DMA2_Stream0_IRQHandler                  0x08000253   Thumb Code     0  startup_stm32f40xx.o(.text)
    DMA2_Stream1_IRQHandler                  0x08000253   Thumb Code     0  startup_stm32f40xx.o(.text)
    DMA2_Stream2_IRQHandler                  0x08000253   Thumb Code     0  startup_stm32f40xx.o(.text)
    DMA2_Stream4_IRQHandler                  0x08000253   Thumb Code     0  startup_stm32f40xx.o(.text)
    DMA2_Stream5_IRQHandler                  0x08000253   Thumb Code     0  startup_stm32f40xx.o(.text)
    DMA2_Stream6_IRQHandler                  0x08000253   Thumb Code     0  startup_stm32f40xx.o(.text)
    DMA2_Stream7_IRQHandler                  0x08000253   Thumb Code     0  startup_stm32f40xx.o(.text)
    ETH_IRQHandler                           0x08000253   Thumb Code     0  startup_stm32f40xx.o(.text)
    ETH_WKUP_IRQHandler                      0x08000253   Thumb Code     0  startup_stm32f40xx.o(.text)
    EXTI0_IRQHandler                         0x08000253   Thumb Code     0  startup_stm32f40xx.o(.text)
    EXTI15_10_IRQHandler                     0x08000253   Thumb Code     0  startup_stm32f40xx.o(.text)
    EXTI1_IRQHandler                         0x08000253   Thumb Code     0  startup_stm32f40xx.o(.text)
    EXTI2_IRQHandler                         0x08000253   Thumb Code     0  startup_stm32f40xx.o(.text)
    EXTI3_IRQHandler                         0x08000253   Thumb Code     0  startup_stm32f40xx.o(.text)
    EXTI4_IRQHandler                         0x08000253   Thumb Code     0  startup_stm32f40xx.o(.text)
    EXTI9_5_IRQHandler                       0x08000253   Thumb Code     0  startup_stm32f40xx.o(.text)
    FLASH_IRQHandler                         0x08000253   Thumb Code     0  startup_stm32f40xx.o(.text)
    FPU_IRQHandler                           0x08000253   Thumb Code     0  startup_stm32f40xx.o(.text)
    FSMC_IRQHandler                          0x08000253   Thumb Code     0  startup_stm32f40xx.o(.text)
    HASH_RNG_IRQHandler                      0x08000253   Thumb Code     0  startup_stm32f40xx.o(.text)
    I2C1_ER_IRQHandler                       0x08000253   Thumb Code     0  startup_stm32f40xx.o(.text)
    I2C1_EV_IRQHandler                       0x08000253   Thumb Code     0  startup_stm32f40xx.o(.text)
    I2C2_ER_IRQHandler                       0x08000253   Thumb Code     0  startup_stm32f40xx.o(.text)
    I2C2_EV_IRQHandler                       0x08000253   Thumb Code     0  startup_stm32f40xx.o(.text)
    I2C3_ER_IRQHandler                       0x08000253   Thumb Code     0  startup_stm32f40xx.o(.text)
    I2C3_EV_IRQHandler                       0x08000253   Thumb Code     0  startup_stm32f40xx.o(.text)
    OTG_FS_IRQHandler                        0x08000253   Thumb Code     0  startup_stm32f40xx.o(.text)
    OTG_FS_WKUP_IRQHandler                   0x08000253   Thumb Code     0  startup_stm32f40xx.o(.text)
    OTG_HS_EP1_IN_IRQHandler                 0x08000253   Thumb Code     0  startup_stm32f40xx.o(.text)
    OTG_HS_EP1_OUT_IRQHandler                0x08000253   Thumb Code     0  startup_stm32f40xx.o(.text)
    OTG_HS_IRQHandler                        0x08000253   Thumb Code     0  startup_stm32f40xx.o(.text)
    OTG_HS_WKUP_IRQHandler                   0x08000253   Thumb Code     0  startup_stm32f40xx.o(.text)
    PVD_IRQHandler                           0x08000253   Thumb Code     0  startup_stm32f40xx.o(.text)
    RCC_IRQHandler                           0x08000253   Thumb Code     0  startup_stm32f40xx.o(.text)
    RTC_Alarm_IRQHandler                     0x08000253   Thumb Code     0  startup_stm32f40xx.o(.text)
    RTC_WKUP_IRQHandler                      0x08000253   Thumb Code     0  startup_stm32f40xx.o(.text)
    SPI1_IRQHandler                          0x08000253   Thumb Code     0  startup_stm32f40xx.o(.text)
    SPI2_IRQHandler                          0x08000253   Thumb Code     0  startup_stm32f40xx.o(.text)
    SPI3_IRQHandler                          0x08000253   Thumb Code     0  startup_stm32f40xx.o(.text)
    TAMP_STAMP_IRQHandler                    0x08000253   Thumb Code     0  startup_stm32f40xx.o(.text)
    TIM1_BRK_TIM9_IRQHandler                 0x08000253   Thumb Code     0  startup_stm32f40xx.o(.text)
    TIM1_CC_IRQHandler                       0x08000253   Thumb Code     0  startup_stm32f40xx.o(.text)
    TIM1_TRG_COM_TIM11_IRQHandler            0x08000253   Thumb Code     0  startup_stm32f40xx.o(.text)
    TIM1_UP_TIM10_IRQHandler                 0x08000253   Thumb Code     0  startup_stm32f40xx.o(.text)
    TIM2_IRQHandler                          0x08000253   Thumb Code     0  startup_stm32f40xx.o(.text)
    TIM3_IRQHandler                          0x08000253   Thumb Code     0  startup_stm32f40xx.o(.text)
    TIM4_IRQHandler                          0x08000253   Thumb Code     0  startup_stm32f40xx.o(.text)
    TIM5_IRQHandler                          0x08000253   Thumb Code     0  startup_stm32f40xx.o(.text)
    TIM6_DAC_IRQHandler                      0x08000253   Thumb Code     0  startup_stm32f40xx.o(.text)
    TIM7_IRQHandler                          0x08000253   Thumb Code     0  startup_stm32f40xx.o(.text)
    TIM8_BRK_TIM12_IRQHandler                0x08000253   Thumb Code     0  startup_stm32f40xx.o(.text)
    TIM8_CC_IRQHandler                       0x08000253   Thumb Code     0  startup_stm32f40xx.o(.text)
    TIM8_TRG_COM_TIM14_IRQHandler            0x08000253   Thumb Code     0  startup_stm32f40xx.o(.text)
    TIM8_UP_TIM13_IRQHandler                 0x08000253   Thumb Code     0  startup_stm32f40xx.o(.text)
    UART4_IRQHandler                         0x08000253   Thumb Code     0  startup_stm32f40xx.o(.text)
    UART5_IRQHandler                         0x08000253   Thumb Code     0  startup_stm32f40xx.o(.text)
    USART1_IRQHandler                        0x08000253   Thumb Code     0  startup_stm32f40xx.o(.text)
    USART2_IRQHandler                        0x08000253   Thumb Code     0  startup_stm32f40xx.o(.text)
    USART3_IRQHandler                        0x08000253   Thumb Code     0  startup_stm32f40xx.o(.text)
    USART6_IRQHandler                        0x08000253   Thumb Code     0  startup_stm32f40xx.o(.text)
    WWDG_IRQHandler                          0x08000253   Thumb Code     0  startup_stm32f40xx.o(.text)
    __user_initial_stackheap                 0x08000255   Thumb Code     0  startup_stm32f40xx.o(.text)
    __aeabi_uldivmod                         0x08000279   Thumb Code     0  lludivv7m.o(.text)
    _ll_udiv                                 0x08000279   Thumb Code   238  lludivv7m.o(.text)
    __2sprintf                               0x08000369   Thumb Code    34  noretval__2sprintf.o(.text)
    _printf_pre_padding                      0x08000391   Thumb Code    44  _printf_pad.o(.text)
    _printf_post_padding                     0x080003bd   Thumb Code    34  _printf_pad.o(.text)
    _printf_int_dec                          0x080003e1   Thumb Code   104  _printf_dec.o(.text)
    _printf_int_hex                          0x08000459   Thumb Code    84  _printf_hex_int.o(.text)
    _printf_longlong_hex                     0x08000459   Thumb Code     0  _printf_hex_int.o(.text)
    __printf                                 0x080004b1   Thumb Code   308  __printf_flags_wp.o(.text)
    __aeabi_memcpy                           0x080005e9   Thumb Code     0  rt_memcpy_v6.o(.text)
    __rt_memcpy                              0x080005e9   Thumb Code   138  rt_memcpy_v6.o(.text)
    _memcpy_lastbytes                        0x0800064f   Thumb Code     0  rt_memcpy_v6.o(.text)
    __use_two_region_memory                  0x08000673   Thumb Code     2  heapauxi.o(.text)
    __rt_heap_escrow                         0x08000675   Thumb Code     2  heapauxi.o(.text)
    __rt_heap_expand                         0x08000677   Thumb Code     2  heapauxi.o(.text)
    _printf_int_common                       0x08000679   Thumb Code   178  _printf_intcommon.o(.text)
    _printf_char_common                      0x08000737   Thumb Code    32  _printf_char_common.o(.text)
    _sputc                                   0x0800075d   Thumb Code    10  _sputc.o(.text)
    __aeabi_memcpy4                          0x08000767   Thumb Code     0  rt_memcpy_w.o(.text)
    __aeabi_memcpy8                          0x08000767   Thumb Code     0  rt_memcpy_w.o(.text)
    __rt_memcpy_w                            0x08000767   Thumb Code   100  rt_memcpy_w.o(.text)
    _memcpy_lastbytes_aligned                0x080007af   Thumb Code     0  rt_memcpy_w.o(.text)
    __user_libspace                          0x080007cd   Thumb Code     8  libspace.o(.text)
    __user_perproc_libspace                  0x080007cd   Thumb Code     0  libspace.o(.text)
    __user_perthread_libspace                0x080007cd   Thumb Code     0  libspace.o(.text)
    __I$use$semihosting                      0x080007d5   Thumb Code     0  use_no_semi.o(.text)
    __use_no_semihosting_swi                 0x080007d5   Thumb Code     2  use_no_semi.o(.text)
    __semihosting_library_function           0x080007d7   Thumb Code     0  indicate_semi.o(.text)
    __user_setup_stackheap                   0x080007d7   Thumb Code    74  sys_stackheap_outer.o(.text)
    exit                                     0x08000821   Thumb Code    18  exit.o(.text)
    _sys_exit                                0x08000835   Thumb Code     8  sys_exit.o(.text)
    AntennaOn                                0x08000841   Thumb Code    20  rfid_rc522.o(i.AntennaOn)
    ClearBitMask                             0x08000855   Thumb Code    26  rfid_rc522.o(i.ClearBitMask)
    DMA2_Stream3_IRQHandler                  0x08000b4d   Thumb Code     8  fatfs_sd_sdio.o(i.DMA2_Stream3_IRQHandler)
    DMA_ClearFlag                            0x08000b55   Thumb Code    38  stm32f4xx_dma.o(i.DMA_ClearFlag)
    DMA_Cmd                                  0x08000b89   Thumb Code    22  stm32f4xx_dma.o(i.DMA_Cmd)
    DMA_DeInit                               0x08000ba1   Thumb Code   324  stm32f4xx_dma.o(i.DMA_DeInit)
    DMA_FlowControllerConfig                 0x08000cf9   Thumb Code    22  stm32f4xx_dma.o(i.DMA_FlowControllerConfig)
    DMA_ITConfig                             0x08000d0f   Thumb Code    58  stm32f4xx_dma.o(i.DMA_ITConfig)
    DMA_Init                                 0x08000d49   Thumb Code    82  stm32f4xx_dma.o(i.DMA_Init)
    Delay_ms                                 0x08000da1   Thumb Code    32  tim.o(i.Delay_ms)
    GPIO_Init                                0x08000f61   Thumb Code   144  stm32f4xx_gpio.o(i.GPIO_Init)
    GPIO_PinAFConfig                         0x08000ff1   Thumb Code    70  stm32f4xx_gpio.o(i.GPIO_PinAFConfig)
    GPIO_ResetBits                           0x08001037   Thumb Code     6  stm32f4xx_gpio.o(i.GPIO_ResetBits)
    GPIO_SetBits                             0x0800103d   Thumb Code     4  stm32f4xx_gpio.o(i.GPIO_SetBits)
    MFRC522_Anticoll                         0x08001041   Thumb Code    74  rfid_rc522.o(i.MFRC522_Anticoll)
    MFRC522_Init                             0x0800108b   Thumb Code    60  rfid_rc522.o(i.MFRC522_Init)
    MFRC522_Request                          0x080010c7   Thumb Code    48  rfid_rc522.o(i.MFRC522_Request)
    MFRC522_Reset                            0x080010f7   Thumb Code    12  rfid_rc522.o(i.MFRC522_Reset)
    MFRC522_ToCard                           0x08001103   Thumb Code   290  rfid_rc522.o(i.MFRC522_ToCard)
    NVIC_Init                                0x08001225   Thumb Code   106  misc.o(i.NVIC_Init)
    NVIC_PriorityGroupConfig                 0x0800129d   Thumb Code    10  misc.o(i.NVIC_PriorityGroupConfig)
    RC522_SPI_Transfer                       0x080012b1   Thumb Code    50  rfid_rc522.o(i.RC522_SPI_Transfer)
    RCC_AHB1PeriphClockCmd                   0x080012e9   Thumb Code    26  stm32f4xx_rcc.o(i.RCC_AHB1PeriphClockCmd)
    RCC_APB2PeriphClockCmd                   0x08001309   Thumb Code    26  stm32f4xx_rcc.o(i.RCC_APB2PeriphClockCmd)
    RCC_APB2PeriphResetCmd                   0x08001329   Thumb Code    26  stm32f4xx_rcc.o(i.RCC_APB2PeriphResetCmd)
    RCC_GetClocksFreq                        0x08001349   Thumb Code   214  stm32f4xx_rcc.o(i.RCC_GetClocksFreq)
    Read_MFRC522                             0x08001431   Thumb Code    46  rfid_rc522.o(i.Read_MFRC522)
    SDIO_ClearITPendingBit                   0x08001581   Thumb Code     6  stm32f4xx_sdio.o(i.SDIO_ClearITPendingBit)
    SDIO_ClockCmd                            0x0800158d   Thumb Code     6  stm32f4xx_sdio.o(i.SDIO_ClockCmd)
    SDIO_DMACmd                              0x08001599   Thumb Code     6  stm32f4xx_sdio.o(i.SDIO_DMACmd)
    SDIO_DataConfig                          0x080015a5   Thumb Code    46  stm32f4xx_sdio.o(i.SDIO_DataConfig)
    SDIO_DeInit                              0x080015d9   Thumb Code    22  stm32f4xx_sdio.o(i.SDIO_DeInit)
    SDIO_GetCommandResponse                  0x080015f1   Thumb Code     8  stm32f4xx_sdio.o(i.SDIO_GetCommandResponse)
    SDIO_GetFlagStatus                       0x080015fd   Thumb Code    20  stm32f4xx_sdio.o(i.SDIO_GetFlagStatus)
    SDIO_GetITStatus                         0x08001615   Thumb Code    20  stm32f4xx_sdio.o(i.SDIO_GetITStatus)
    SDIO_GetPowerState                       0x0800162d   Thumb Code    10  stm32f4xx_sdio.o(i.SDIO_GetPowerState)
    SDIO_GetResponse                         0x0800163d   Thumb Code    20  stm32f4xx_sdio.o(i.SDIO_GetResponse)
    SDIO_IRQHandler                          0x08001655   Thumb Code     8  fatfs_sd_sdio.o(i.SDIO_IRQHandler)
    SDIO_Init                                0x0800165d   Thumb Code    42  stm32f4xx_sdio.o(i.SDIO_Init)
    SDIO_ReadData                            0x0800168d   Thumb Code     6  stm32f4xx_sdio.o(i.SDIO_ReadData)
    SDIO_SendCommand                         0x08001699   Thumb Code    40  stm32f4xx_sdio.o(i.SDIO_SendCommand)
    SDIO_SetPowerState                       0x080016c5   Thumb Code     6  stm32f4xx_sdio.o(i.SDIO_SetPowerState)
    SD_Detect                                0x080016d1   Thumb Code    22  fatfs_sd_sdio.o(i.SD_Detect)
    SD_EnableWideBusOperation                0x080016e9   Thumb Code   140  fatfs_sd_sdio.o(i.SD_EnableWideBusOperation)
    SD_GetCardInfo                           0x0800177d   Thumb Code   780  fatfs_sd_sdio.o(i.SD_GetCardInfo)
    SD_GetState                              0x08001a99   Thumb Code    38  fatfs_sd_sdio.o(i.SD_GetState)
    SD_GetStatus                             0x08001abf   Thumb Code    30  fatfs_sd_sdio.o(i.SD_GetStatus)
    SD_Init                                  0x08001add   Thumb Code   126  fatfs_sd_sdio.o(i.SD_Init)
    SD_InitializeCards                       0x08001b65   Thumb Code   292  fatfs_sd_sdio.o(i.SD_InitializeCards)
    SD_LowLevel_DMA_RxConfig                 0x08001c9d   Thumb Code   136  fatfs_sd_sdio.o(i.SD_LowLevel_DMA_RxConfig)
    SD_LowLevel_DMA_TxConfig                 0x08001d2d   Thumb Code   134  fatfs_sd_sdio.o(i.SD_LowLevel_DMA_TxConfig)
    SD_LowLevel_DeInit                       0x08001dbd   Thumb Code    72  fatfs_sd_sdio.o(i.SD_LowLevel_DeInit)
    SD_LowLevel_Init                         0x08001e11   Thumb Code    74  fatfs_sd_sdio.o(i.SD_LowLevel_Init)
    SD_PowerON                               0x08001e69   Thumb Code   400  fatfs_sd_sdio.o(i.SD_PowerON)
    SD_ProcessDMAIRQ                         0x08002009   Thumb Code    32  fatfs_sd_sdio.o(i.SD_ProcessDMAIRQ)
    SD_ProcessIRQSrc                         0x08002031   Thumb Code   166  fatfs_sd_sdio.o(i.SD_ProcessIRQSrc)
    SD_ReadMultiBlocks                       0x080020e5   Thumb Code   228  fatfs_sd_sdio.o(i.SD_ReadMultiBlocks)
    SD_SelectDeselect                        0x080021e5   Thumb Code    50  fatfs_sd_sdio.o(i.SD_SelectDeselect)
    SD_SendStatus                            0x0800221d   Thumb Code    74  fatfs_sd_sdio.o(i.SD_SendStatus)
    SD_StopTransfer                          0x08002271   Thumb Code    46  fatfs_sd_sdio.o(i.SD_StopTransfer)
    SD_WaitReadOperation                     0x080022a5   Thumb Code   128  fatfs_sd_sdio.o(i.SD_WaitReadOperation)
    SD_WaitWriteOperation                    0x08002339   Thumb Code   110  fatfs_sd_sdio.o(i.SD_WaitWriteOperation)
    SD_WriteMultiBlocks                      0x080023bd   Thumb Code   320  fatfs_sd_sdio.o(i.SD_WriteMultiBlocks)
    SPIRC552_Config                          0x0800251d   Thumb Code   210  spi.o(i.SPIRC552_Config)
    SPI_Cmd                                  0x080025fd   Thumb Code    24  stm32f4xx_spi.o(i.SPI_Cmd)
    SPI_I2S_GetFlagStatus                    0x08002615   Thumb Code    18  stm32f4xx_spi.o(i.SPI_I2S_GetFlagStatus)
    SPI_I2S_ReceiveData                      0x08002627   Thumb Code     6  stm32f4xx_spi.o(i.SPI_I2S_ReceiveData)
    SPI_I2S_SendData                         0x0800262d   Thumb Code     4  stm32f4xx_spi.o(i.SPI_I2S_SendData)
    SPI_Init                                 0x08002631   Thumb Code    60  stm32f4xx_spi.o(i.SPI_Init)
    SPI_StructInit                           0x0800266d   Thumb Code    24  stm32f4xx_spi.o(i.SPI_StructInit)
    SetBitMask                               0x08002685   Thumb Code    26  rfid_rc522.o(i.SetBitMask)
    SysTick_Handler                          0x0800278d   Thumb Code   162  tm_stm32f4_delay.o(i.SysTick_Handler)
    SystemInit                               0x0800283d   Thumb Code    88  system_stm32f4xx.o(i.SystemInit)
    TIMDelay_Config                          0x080028a5   Thumb Code    52  tim.o(i.TIMDelay_Config)
    TIM_Cmd                                  0x080028dd   Thumb Code    24  stm32f4xx_tim.o(i.TIM_Cmd)
    TIM_GetCounter                           0x080028f5   Thumb Code     6  stm32f4xx_tim.o(i.TIM_GetCounter)
    TIM_SetCounter                           0x080028fb   Thumb Code     4  stm32f4xx_tim.o(i.TIM_SetCounter)
    TIM_TimeBaseInit                         0x08002901   Thumb Code   104  stm32f4xx_tim.o(i.TIM_TimeBaseInit)
    TM_FATFS_CheckCardDetectPin              0x08002985   Thumb Code     4  tm_stm32f4_fatfs.o(i.TM_FATFS_CheckCardDetectPin)
    TM_FATFS_SDIO_WriteEnabled               0x08002989   Thumb Code     4  fatfs_sd_sdio.o(i.TM_FATFS_SDIO_WriteEnabled)
    TM_FATFS_SDRAM_disk_initialize           0x0800298d   Thumb Code     4  diskio.o(i.TM_FATFS_SDRAM_disk_initialize)
    TM_FATFS_SDRAM_disk_ioctl                0x08002991   Thumb Code     6  diskio.o(i.TM_FATFS_SDRAM_disk_ioctl)
    TM_FATFS_SDRAM_disk_read                 0x08002997   Thumb Code     6  diskio.o(i.TM_FATFS_SDRAM_disk_read)
    TM_FATFS_SDRAM_disk_status               0x0800299d   Thumb Code     4  diskio.o(i.TM_FATFS_SDRAM_disk_status)
    TM_FATFS_SDRAM_disk_write                0x080029a1   Thumb Code     6  diskio.o(i.TM_FATFS_SDRAM_disk_write)
    TM_FATFS_SD_SDIO_disk_initialize         0x080029a9   Thumb Code   136  fatfs_sd_sdio.o(i.TM_FATFS_SD_SDIO_disk_initialize)
    TM_FATFS_SD_SDIO_disk_ioctl              0x08002a35   Thumb Code    42  fatfs_sd_sdio.o(i.TM_FATFS_SD_SDIO_disk_ioctl)
    TM_FATFS_SD_SDIO_disk_read               0x08002a61   Thumb Code   164  fatfs_sd_sdio.o(i.TM_FATFS_SD_SDIO_disk_read)
    TM_FATFS_SD_SDIO_disk_status             0x08002b09   Thumb Code    52  fatfs_sd_sdio.o(i.TM_FATFS_SD_SDIO_disk_status)
    TM_FATFS_SD_SDIO_disk_write              0x08002b41   Thumb Code   172  fatfs_sd_sdio.o(i.TM_FATFS_SD_SDIO_disk_write)
    TM_FATFS_SPI_FLASH_disk_initialize       0x08002bed   Thumb Code     4  diskio.o(i.TM_FATFS_SPI_FLASH_disk_initialize)
    TM_FATFS_SPI_FLASH_disk_ioctl            0x08002bf1   Thumb Code     6  diskio.o(i.TM_FATFS_SPI_FLASH_disk_ioctl)
    TM_FATFS_SPI_FLASH_disk_read             0x08002bf7   Thumb Code     6  diskio.o(i.TM_FATFS_SPI_FLASH_disk_read)
    TM_FATFS_SPI_FLASH_disk_status           0x08002bfd   Thumb Code     4  diskio.o(i.TM_FATFS_SPI_FLASH_disk_status)
    TM_FATFS_SPI_FLASH_disk_write            0x08002c01   Thumb Code     6  diskio.o(i.TM_FATFS_SPI_FLASH_disk_write)
    TM_FATFS_USB_disk_initialize             0x08002c07   Thumb Code     4  diskio.o(i.TM_FATFS_USB_disk_initialize)
    TM_FATFS_USB_disk_ioctl                  0x08002c0b   Thumb Code     6  diskio.o(i.TM_FATFS_USB_disk_ioctl)
    TM_FATFS_USB_disk_read                   0x08002c11   Thumb Code     6  diskio.o(i.TM_FATFS_USB_disk_read)
    TM_FATFS_USB_disk_status                 0x08002c17   Thumb Code     4  diskio.o(i.TM_FATFS_USB_disk_status)
    TM_FATFS_USB_disk_write                  0x08002c1b   Thumb Code     6  diskio.o(i.TM_FATFS_USB_disk_write)
    TM_GPIO_DeInit                           0x08002c21   Thumb Code    66  tm_stm32f4_gpio.o(i.TM_GPIO_DeInit)
    TM_GPIO_GetPortSource                    0x08002c69   Thumb Code    14  tm_stm32f4_gpio.o(i.TM_GPIO_GetPortSource)
    TM_GPIO_INT_EnableClock                  0x08002c79   Thumb Code    28  tm_stm32f4_gpio.o(i.TM_GPIO_INT_EnableClock)
    TM_GPIO_INT_Init                         0x08002c99   Thumb Code   170  tm_stm32f4_gpio.o(i.TM_GPIO_INT_Init)
    TM_GPIO_InitAlternate                    0x08002d49   Thumb Code   110  tm_stm32f4_gpio.o(i.TM_GPIO_InitAlternate)
    TM_GPIO_SetPullResistor                  0x08002db7   Thumb Code    50  tm_stm32f4_gpio.o(i.TM_GPIO_SetPullResistor)
    UART1_Config                             0x08002de9   Thumb Code   120  usart.o(i.UART1_Config)
    USART_Cmd                                0x08002e69   Thumb Code    24  stm32f4xx_usart.o(i.USART_Cmd)
    USART_GetFlagStatus                      0x08002e81   Thumb Code    26  stm32f4xx_usart.o(i.USART_GetFlagStatus)
    USART_Init                               0x08002e9d   Thumb Code   204  stm32f4xx_usart.o(i.USART_Init)
    USART_SendChar                           0x08002f71   Thumb Code    34  usart.o(i.USART_SendChar)
    USART_SendData                           0x08002f99   Thumb Code     8  stm32f4xx_usart.o(i.USART_SendData)
    USART_SendString                         0x08002fa1   Thumb Code    22  usart.o(i.USART_SendString)
    Write_MFRC522                            0x08002fb9   Thumb Code    40  rfid_rc522.o(i.Write_MFRC522)
    _is_digit                                0x08002fe5   Thumb Code    14  __printf_wp.o(i._is_digit)
    clust2sect                               0x08003155   Thumb Code    26  ff.o(i.clust2sect)
    compareArrays                            0x08003211   Thumb Code    32  main.o(i.compareArrays)
    disk_initialize                          0x08003a15   Thumb Code    34  diskio.o(i.disk_initialize)
    disk_ioctl                               0x08003a3d   Thumb Code    44  diskio.o(i.disk_ioctl)
    disk_read                                0x08003a6d   Thumb Code    58  diskio.o(i.disk_read)
    disk_status                              0x08003aad   Thumb Code    38  diskio.o(i.disk_status)
    disk_write                               0x08003ad9   Thumb Code    58  diskio.o(i.disk_write)
    f_close                                  0x08003b41   Thumb Code    42  ff.o(i.f_close)
    f_lseek                                  0x08003b6b   Thumb Code   382  ff.o(i.f_lseek)
    f_mount                                  0x08003ce9   Thumb Code    92  ff.o(i.f_mount)
    f_open                                   0x08003d49   Thumb Code   440  ff.o(i.f_open)
    f_read                                   0x08003f05   Thumb Code   416  ff.o(i.f_read)
    f_sync                                   0x080040a5   Thumb Code   176  ff.o(i.f_sync)
    ff_convert                               0x08004155   Thumb Code    70  unicode.o(i.ff_convert)
    ff_wtoupper                              0x080041a1   Thumb Code    46  unicode.o(i.ff_wtoupper)
    get_fat                                  0x0800475d   Thumb Code   242  ff.o(i.get_fat)
    get_fattime                              0x08004851   Thumb Code     4  diskio.o(i.get_fattime)
    main                                     0x08004a15   Thumb Code   318  main.o(i.main)
    put_fat                                  0x08004c91   Thumb Code   322  ff.o(i.put_fat)
    showFileContent                          0x08004e41   Thumb Code    42  main.o(i.showFileContent)
    _fp_init                                 0x08004fed   Thumb Code    10  fpinit.o(x$fpl$fpinit)
    __fplib_config_fpu_vfp                   0x08004ff5   Thumb Code     0  fpinit.o(x$fpl$fpinit)
    __fplib_config_pureend_doubles           0x08004ff5   Thumb Code     0  fpinit.o(x$fpl$fpinit)
    Region$$Table$$Base                      0x0800561c   Number         0  anon$$obj.o(Region$$Table)
    Region$$Table$$Limit                     0x0800563c   Number         0  anon$$obj.o(Region$$Table)
    status                                   0x20000000   Data           1  main.o(.data)
    serNum                                   0x20000001   Data           5  main.o(.data)
    test                                     0x20000006   Data           5  main.o(.data)
    fr                                       0x2000000b   Data           1  main.o(.data)
    TM_TimingDelay                           0x2000001c   Data           4  tm_stm32f4_delay.o(.data)
    TM_Time                                  0x20000020   Data           4  tm_stm32f4_delay.o(.data)
    TM_Time2                                 0x20000024   Data           4  tm_stm32f4_delay.o(.data)
    mult                                     0x20000028   Data           4  tm_stm32f4_delay.o(.data)
    TM_DELAY_Initialized                     0x2000002c   Data           1  tm_stm32f4_delay.o(.data)
    FATFS_LowLevelDrivers                    0x20000030   Data         180  diskio.o(.data)
    StopCondition                            0x200000f0   Data           4  fatfs_sd_sdio.o(.data)
    TransferError                            0x200000f4   Data           1  fatfs_sd_sdio.o(.data)
    TransferEnd                              0x200000f8   Data           4  fatfs_sd_sdio.o(.data)
    DMAEndOfTransfer                         0x200000fc   Data           4  fatfs_sd_sdio.o(.data)
    str                                      0x20000104   Data          16  main.o(.bss)
    myString                                 0x20000114   Data         100  main.o(.bss)
    Key_Cards                                0x20000178   Data          25  main.o(.bss)
    FatFs                                    0x20000194   Data         564  main.o(.bss)
    fil                                      0x200003c8   Data         552  main.o(.bss)
    SDCardInfo                               0x200008f0   Data          88  fatfs_sd_sdio.o(.bss)
    SDIO_InitStructure                       0x20000948   Data          24  fatfs_sd_sdio.o(.bss)
    SDIO_CmdInitStructure                    0x20000960   Data          20  fatfs_sd_sdio.o(.bss)
    SDIO_DataInitStructure                   0x20000974   Data          24  fatfs_sd_sdio.o(.bss)
    __libspace_start                         0x2000098c   Data          96  libspace.o(.bss)
    __temporary_stack_top$libspace           0x200009ec   Data           0  libspace.o(.bss)



==============================================================================

Memory Map of the image

  Image Entry point : 0x08000189

  Load Region LR_IROM1 (Base: 0x08000000, Size: 0x00005740, Max: 0x00080000, ABSOLUTE)

    Execution Region ER_IROM1 (Base: 0x08000000, Size: 0x0000563c, Max: 0x00080000, ABSOLUTE)

    Base Addr    Size         Type   Attr      Idx    E Section Name        Object

    0x08000000   0x00000188   Data   RO         2240    RESET               startup_stm32f40xx.o
    0x08000188   0x00000008   Code   RO         3802  * !!!main             c_w.l(__main.o)
    0x08000190   0x00000034   Code   RO         4043    !!!scatter          c_w.l(__scatter.o)
    0x080001c4   0x0000001a   Code   RO         4045    !!handler_copy      c_w.l(__scatter_copy.o)
    0x080001de   0x00000002   PAD
    0x080001e0   0x0000001c   Code   RO         4047    !!handler_zi        c_w.l(__scatter_zi.o)
    0x080001fc   0x00000000   Code   RO         3791    .ARM.Collect$$_printf_percent$$00000000  c_w.l(_printf_percent.o)
    0x080001fc   0x00000006   Code   RO         3790    .ARM.Collect$$_printf_percent$$00000009  c_w.l(_printf_d.o)
    0x08000202   0x00000006   Code   RO         3789    .ARM.Collect$$_printf_percent$$0000000C  c_w.l(_printf_x.o)
    0x08000208   0x00000004   Code   RO         3856    .ARM.Collect$$_printf_percent$$00000017  c_w.l(_printf_percent_end.o)
    0x0800020c   0x00000002   Code   RO         3982    .ARM.Collect$$libinit$$00000000  c_w.l(libinit.o)
    0x0800020e   0x00000004   Code   RO         3861    .ARM.Collect$$libinit$$00000001  c_w.l(libinit2.o)
    0x08000212   0x00000000   Code   RO         3864    .ARM.Collect$$libinit$$00000004  c_w.l(libinit2.o)
    0x08000212   0x00000000   Code   RO         3867    .ARM.Collect$$libinit$$0000000A  c_w.l(libinit2.o)
    0x08000212   0x00000000   Code   RO         3869    .ARM.Collect$$libinit$$0000000C  c_w.l(libinit2.o)
    0x08000212   0x00000000   Code   RO         3871    .ARM.Collect$$libinit$$0000000E  c_w.l(libinit2.o)
    0x08000212   0x00000000   Code   RO         3874    .ARM.Collect$$libinit$$00000011  c_w.l(libinit2.o)
    0x08000212   0x00000000   Code   RO         3876    .ARM.Collect$$libinit$$00000013  c_w.l(libinit2.o)
    0x08000212   0x00000000   Code   RO         3878    .ARM.Collect$$libinit$$00000015  c_w.l(libinit2.o)
    0x08000212   0x00000000   Code   RO         3880    .ARM.Collect$$libinit$$00000017  c_w.l(libinit2.o)
    0x08000212   0x00000000   Code   RO         3882    .ARM.Collect$$libinit$$00000019  c_w.l(libinit2.o)
    0x08000212   0x00000000   Code   RO         3884    .ARM.Collect$$libinit$$0000001B  c_w.l(libinit2.o)
    0x08000212   0x00000000   Code   RO         3886    .ARM.Collect$$libinit$$0000001D  c_w.l(libinit2.o)
    0x08000212   0x00000000   Code   RO         3888    .ARM.Collect$$libinit$$0000001F  c_w.l(libinit2.o)
    0x08000212   0x00000000   Code   RO         3890    .ARM.Collect$$libinit$$00000021  c_w.l(libinit2.o)
    0x08000212   0x00000000   Code   RO         3892    .ARM.Collect$$libinit$$00000023  c_w.l(libinit2.o)
    0x08000212   0x00000000   Code   RO         3894    .ARM.Collect$$libinit$$00000025  c_w.l(libinit2.o)
    0x08000212   0x00000000   Code   RO         3898    .ARM.Collect$$libinit$$0000002C  c_w.l(libinit2.o)
    0x08000212   0x00000000   Code   RO         3900    .ARM.Collect$$libinit$$0000002E  c_w.l(libinit2.o)
    0x08000212   0x00000000   Code   RO         3902    .ARM.Collect$$libinit$$00000030  c_w.l(libinit2.o)
    0x08000212   0x00000000   Code   RO         3904    .ARM.Collect$$libinit$$00000032  c_w.l(libinit2.o)
    0x08000212   0x00000002   Code   RO         3905    .ARM.Collect$$libinit$$00000033  c_w.l(libinit2.o)
    0x08000214   0x00000002   Code   RO         4040    .ARM.Collect$$libshutdown$$00000000  c_w.l(libshutdown.o)
    0x08000216   0x00000000   Code   RO         3998    .ARM.Collect$$libshutdown$$00000002  c_w.l(libshutdown2.o)
    0x08000216   0x00000000   Code   RO         4000    .ARM.Collect$$libshutdown$$00000004  c_w.l(libshutdown2.o)
    0x08000216   0x00000000   Code   RO         4003    .ARM.Collect$$libshutdown$$00000007  c_w.l(libshutdown2.o)
    0x08000216   0x00000000   Code   RO         4006    .ARM.Collect$$libshutdown$$0000000A  c_w.l(libshutdown2.o)
    0x08000216   0x00000000   Code   RO         4008    .ARM.Collect$$libshutdown$$0000000C  c_w.l(libshutdown2.o)
    0x08000216   0x00000000   Code   RO         4011    .ARM.Collect$$libshutdown$$0000000F  c_w.l(libshutdown2.o)
    0x08000216   0x00000002   Code   RO         4012    .ARM.Collect$$libshutdown$$00000010  c_w.l(libshutdown2.o)
    0x08000218   0x00000000   Code   RO         3818    .ARM.Collect$$rtentry$$00000000  c_w.l(__rtentry.o)
    0x08000218   0x00000000   Code   RO         3917    .ARM.Collect$$rtentry$$00000002  c_w.l(__rtentry2.o)
    0x08000218   0x00000006   Code   RO         3929    .ARM.Collect$$rtentry$$00000004  c_w.l(__rtentry4.o)
    0x0800021e   0x00000000   Code   RO         3919    .ARM.Collect$$rtentry$$00000009  c_w.l(__rtentry2.o)
    0x0800021e   0x00000004   Code   RO         3920    .ARM.Collect$$rtentry$$0000000A  c_w.l(__rtentry2.o)
    0x08000222   0x00000000   Code   RO         3922    .ARM.Collect$$rtentry$$0000000C  c_w.l(__rtentry2.o)
    0x08000222   0x00000008   Code   RO         3923    .ARM.Collect$$rtentry$$0000000D  c_w.l(__rtentry2.o)
    0x0800022a   0x00000002   Code   RO         3985    .ARM.Collect$$rtexit$$00000000  c_w.l(rtexit.o)
    0x0800022c   0x00000000   Code   RO         4016    .ARM.Collect$$rtexit$$00000002  c_w.l(rtexit2.o)
    0x0800022c   0x00000004   Code   RO         4017    .ARM.Collect$$rtexit$$00000003  c_w.l(rtexit2.o)
    0x08000230   0x00000006   Code   RO         4018    .ARM.Collect$$rtexit$$00000004  c_w.l(rtexit2.o)
    0x08000236   0x00000002   PAD
    0x08000238   0x00000040   Code   RO         2241    .text               startup_stm32f40xx.o
    0x08000278   0x000000ee   Code   RO         3733    .text               c_w.l(lludivv7m.o)
    0x08000366   0x00000002   PAD
    0x08000368   0x00000028   Code   RO         3737    .text               c_w.l(noretval__2sprintf.o)
    0x08000390   0x0000004e   Code   RO         3741    .text               c_w.l(_printf_pad.o)
    0x080003de   0x00000002   PAD
    0x080003e0   0x00000078   Code   RO         3745    .text               c_w.l(_printf_dec.o)
    0x08000458   0x00000058   Code   RO         3750    .text               c_w.l(_printf_hex_int.o)
    0x080004b0   0x00000138   Code   RO         3780    .text               c_w.l(__printf_flags_wp.o)
    0x080005e8   0x0000008a   Code   RO         3796    .text               c_w.l(rt_memcpy_v6.o)
    0x08000672   0x00000006   Code   RO         3800    .text               c_w.l(heapauxi.o)
    0x08000678   0x000000b2   Code   RO         3848    .text               c_w.l(_printf_intcommon.o)
    0x0800072a   0x00000002   PAD
    0x0800072c   0x00000030   Code   RO         3850    .text               c_w.l(_printf_char_common.o)
    0x0800075c   0x0000000a   Code   RO         3852    .text               c_w.l(_sputc.o)
    0x08000766   0x00000064   Code   RO         3857    .text               c_w.l(rt_memcpy_w.o)
    0x080007ca   0x00000002   PAD
    0x080007cc   0x00000008   Code   RO         3913    .text               c_w.l(libspace.o)
    0x080007d4   0x00000002   Code   RO         3954    .text               c_w.l(use_no_semi.o)
    0x080007d6   0x00000000   Code   RO         3956    .text               c_w.l(indicate_semi.o)
    0x080007d6   0x0000004a   Code   RO         3957    .text               c_w.l(sys_stackheap_outer.o)
    0x08000820   0x00000012   Code   RO         3963    .text               c_w.l(exit.o)
    0x08000832   0x00000002   PAD
    0x08000834   0x0000000c   Code   RO         3983    .text               c_w.l(sys_exit.o)
    0x08000840   0x00000014   Code   RO          246    i.AntennaOn         rfid_rc522.o
    0x08000854   0x0000001a   Code   RO          248    i.ClearBitMask      rfid_rc522.o
    0x0800086e   0x00000002   PAD
    0x08000870   0x00000030   Code   RO         3356    i.CmdError          fatfs_sd_sdio.o
    0x080008a0   0x00000138   Code   RO         3357    i.CmdResp1Error     fatfs_sd_sdio.o
    0x080009d8   0x0000004c   Code   RO         3358    i.CmdResp2Error     fatfs_sd_sdio.o
    0x08000a24   0x00000038   Code   RO         3359    i.CmdResp3Error     fatfs_sd_sdio.o
    0x08000a5c   0x000000a4   Code   RO         3360    i.CmdResp6Error     fatfs_sd_sdio.o
    0x08000b00   0x0000004c   Code   RO         3361    i.CmdResp7Error     fatfs_sd_sdio.o
    0x08000b4c   0x00000008   Code   RO         3362    i.DMA2_Stream3_IRQHandler  fatfs_sd_sdio.o
    0x08000b54   0x00000034   Code   RO         1911    i.DMA_ClearFlag     stm32f4xx_dma.o
    0x08000b88   0x00000016   Code   RO         1913    i.DMA_Cmd           stm32f4xx_dma.o
    0x08000b9e   0x00000002   PAD
    0x08000ba0   0x00000158   Code   RO         1914    i.DMA_DeInit        stm32f4xx_dma.o
    0x08000cf8   0x00000016   Code   RO         1917    i.DMA_FlowControllerConfig  stm32f4xx_dma.o
    0x08000d0e   0x0000003a   Code   RO         1924    i.DMA_ITConfig      stm32f4xx_dma.o
    0x08000d48   0x00000058   Code   RO         1925    i.DMA_Init          stm32f4xx_dma.o
    0x08000da0   0x00000024   Code   RO          444    i.Delay_ms          tim.o
    0x08000dc4   0x0000019c   Code   RO         3363    i.FindSCR           fatfs_sd_sdio.o
    0x08000f60   0x00000090   Code   RO          498    i.GPIO_Init         stm32f4xx_gpio.o
    0x08000ff0   0x00000046   Code   RO          499    i.GPIO_PinAFConfig  stm32f4xx_gpio.o
    0x08001036   0x00000006   Code   RO          505    i.GPIO_ResetBits    stm32f4xx_gpio.o
    0x0800103c   0x00000004   Code   RO          506    i.GPIO_SetBits      stm32f4xx_gpio.o
    0x08001040   0x0000004a   Code   RO          249    i.MFRC522_Anticoll  rfid_rc522.o
    0x0800108a   0x0000003c   Code   RO          252    i.MFRC522_Init      rfid_rc522.o
    0x080010c6   0x00000030   Code   RO          254    i.MFRC522_Request   rfid_rc522.o
    0x080010f6   0x0000000c   Code   RO          255    i.MFRC522_Reset     rfid_rc522.o
    0x08001102   0x00000122   Code   RO          257    i.MFRC522_ToCard    rfid_rc522.o
    0x08001224   0x00000078   Code   RO         1863    i.NVIC_Init         misc.o
    0x0800129c   0x00000014   Code   RO         1864    i.NVIC_PriorityGroupConfig  misc.o
    0x080012b0   0x00000038   Code   RO          259    i.RC522_SPI_Transfer  rfid_rc522.o
    0x080012e8   0x00000020   Code   RO          599    i.RCC_AHB1PeriphClockCmd  stm32f4xx_rcc.o
    0x08001308   0x00000020   Code   RO          611    i.RCC_APB2PeriphClockCmd  stm32f4xx_rcc.o
    0x08001328   0x00000020   Code   RO          613    i.RCC_APB2PeriphResetCmd  stm32f4xx_rcc.o
    0x08001348   0x000000e8   Code   RO          620    i.RCC_GetClocksFreq  stm32f4xx_rcc.o
    0x08001430   0x00000034   Code   RO          260    i.Read_MFRC522      rfid_rc522.o
    0x08001464   0x0000011c   Code   RO         3365    i.SDEnWideBus       fatfs_sd_sdio.o
    0x08001580   0x0000000c   Code   RO         2045    i.SDIO_ClearITPendingBit  stm32f4xx_sdio.o
    0x0800158c   0x0000000c   Code   RO         2046    i.SDIO_ClockCmd     stm32f4xx_sdio.o
    0x08001598   0x0000000c   Code   RO         2049    i.SDIO_DMACmd       stm32f4xx_sdio.o
    0x080015a4   0x00000034   Code   RO         2050    i.SDIO_DataConfig   stm32f4xx_sdio.o
    0x080015d8   0x00000016   Code   RO         2052    i.SDIO_DeInit       stm32f4xx_sdio.o
    0x080015ee   0x00000002   PAD
    0x080015f0   0x0000000c   Code   RO         2053    i.SDIO_GetCommandResponse  stm32f4xx_sdio.o
    0x080015fc   0x00000018   Code   RO         2056    i.SDIO_GetFlagStatus  stm32f4xx_sdio.o
    0x08001614   0x00000018   Code   RO         2057    i.SDIO_GetITStatus  stm32f4xx_sdio.o
    0x0800162c   0x00000010   Code   RO         2058    i.SDIO_GetPowerState  stm32f4xx_sdio.o
    0x0800163c   0x00000018   Code   RO         2059    i.SDIO_GetResponse  stm32f4xx_sdio.o
    0x08001654   0x00000008   Code   RO         3366    i.SDIO_IRQHandler   fatfs_sd_sdio.o
    0x0800165c   0x00000030   Code   RO         2061    i.SDIO_Init         stm32f4xx_sdio.o
    0x0800168c   0x0000000c   Code   RO         2062    i.SDIO_ReadData     stm32f4xx_sdio.o
    0x08001698   0x0000002c   Code   RO         2064    i.SDIO_SendCommand  stm32f4xx_sdio.o
    0x080016c4   0x0000000c   Code   RO         2066    i.SDIO_SetPowerState  stm32f4xx_sdio.o
    0x080016d0   0x00000016   Code   RO         3368    i.SD_Detect         fatfs_sd_sdio.o
    0x080016e6   0x00000002   PAD
    0x080016e8   0x00000094   Code   RO         3369    i.SD_EnableWideBusOperation  fatfs_sd_sdio.o
    0x0800177c   0x0000031c   Code   RO         3371    i.SD_GetCardInfo    fatfs_sd_sdio.o
    0x08001a98   0x00000026   Code   RO         3373    i.SD_GetState       fatfs_sd_sdio.o
    0x08001abe   0x0000001e   Code   RO         3374    i.SD_GetStatus      fatfs_sd_sdio.o
    0x08001adc   0x00000088   Code   RO         3377    i.SD_Init           fatfs_sd_sdio.o
    0x08001b64   0x00000138   Code   RO         3378    i.SD_InitializeCards  fatfs_sd_sdio.o
    0x08001c9c   0x00000090   Code   RO         3379    i.SD_LowLevel_DMA_RxConfig  fatfs_sd_sdio.o
    0x08001d2c   0x00000090   Code   RO         3380    i.SD_LowLevel_DMA_TxConfig  fatfs_sd_sdio.o
    0x08001dbc   0x00000054   Code   RO         3381    i.SD_LowLevel_DeInit  fatfs_sd_sdio.o
    0x08001e10   0x00000058   Code   RO         3382    i.SD_LowLevel_Init  fatfs_sd_sdio.o
    0x08001e68   0x000001a0   Code   RO         3384    i.SD_PowerON        fatfs_sd_sdio.o
    0x08002008   0x00000028   Code   RO         3385    i.SD_ProcessDMAIRQ  fatfs_sd_sdio.o
    0x08002030   0x000000b4   Code   RO         3386    i.SD_ProcessIRQSrc  fatfs_sd_sdio.o
    0x080020e4   0x00000100   Code   RO         3388    i.SD_ReadMultiBlocks  fatfs_sd_sdio.o
    0x080021e4   0x00000038   Code   RO         3390    i.SD_SelectDeselect  fatfs_sd_sdio.o
    0x0800221c   0x00000054   Code   RO         3392    i.SD_SendStatus     fatfs_sd_sdio.o
    0x08002270   0x00000034   Code   RO         3393    i.SD_StopTransfer   fatfs_sd_sdio.o
    0x080022a4   0x00000094   Code   RO         3394    i.SD_WaitReadOperation  fatfs_sd_sdio.o
    0x08002338   0x00000084   Code   RO         3395    i.SD_WaitWriteOperation  fatfs_sd_sdio.o
    0x080023bc   0x00000160   Code   RO         3397    i.SD_WriteMultiBlocks  fatfs_sd_sdio.o
    0x0800251c   0x000000e0   Code   RO          372    i.SPIRC552_Config   spi.o
    0x080025fc   0x00000018   Code   RO          943    i.SPI_Cmd           stm32f4xx_spi.o
    0x08002614   0x00000012   Code   RO          951    i.SPI_I2S_GetFlagStatus  stm32f4xx_spi.o
    0x08002626   0x00000006   Code   RO          954    i.SPI_I2S_ReceiveData  stm32f4xx_spi.o
    0x0800262c   0x00000004   Code   RO          955    i.SPI_I2S_SendData  stm32f4xx_spi.o
    0x08002630   0x0000003c   Code   RO          956    i.SPI_Init          stm32f4xx_spi.o
    0x0800266c   0x00000018   Code   RO          959    i.SPI_StructInit    stm32f4xx_spi.o
    0x08002684   0x0000001a   Code   RO          261    i.SetBitMask        rfid_rc522.o
    0x0800269e   0x00000002   PAD
    0x080026a0   0x000000ec   Code   RO          204    i.SetSysClock       system_stm32f4xx.o
    0x0800278c   0x000000b0   Code   RO         2248    i.SysTick_Handler   tm_stm32f4_delay.o
    0x0800283c   0x00000068   Code   RO          206    i.SystemInit        system_stm32f4xx.o
    0x080028a4   0x00000038   Code   RO          446    i.TIMDelay_Config   tim.o
    0x080028dc   0x00000018   Code   RO         1121    i.TIM_Cmd           stm32f4xx_tim.o
    0x080028f4   0x00000006   Code   RO         1140    i.TIM_GetCounter    stm32f4xx_tim.o
    0x080028fa   0x00000004   Code   RO         1187    i.TIM_SetCounter    stm32f4xx_tim.o
    0x080028fe   0x00000002   PAD
    0x08002900   0x00000084   Code   RO         1193    i.TIM_TimeBaseInit  stm32f4xx_tim.o
    0x08002984   0x00000004   Code   RO         2355    i.TM_FATFS_CheckCardDetectPin  tm_stm32f4_fatfs.o
    0x08002988   0x00000004   Code   RO         3399    i.TM_FATFS_SDIO_WriteEnabled  fatfs_sd_sdio.o
    0x0800298c   0x00000004   Code   RO         2720    i.TM_FATFS_SDRAM_disk_initialize  diskio.o
    0x08002990   0x00000006   Code   RO         2721    i.TM_FATFS_SDRAM_disk_ioctl  diskio.o
    0x08002996   0x00000006   Code   RO         2722    i.TM_FATFS_SDRAM_disk_read  diskio.o
    0x0800299c   0x00000004   Code   RO         2723    i.TM_FATFS_SDRAM_disk_status  diskio.o
    0x080029a0   0x00000006   Code   RO         2724    i.TM_FATFS_SDRAM_disk_write  diskio.o
    0x080029a6   0x00000002   PAD
    0x080029a8   0x0000008c   Code   RO         3400    i.TM_FATFS_SD_SDIO_disk_initialize  fatfs_sd_sdio.o
    0x08002a34   0x0000002a   Code   RO         3401    i.TM_FATFS_SD_SDIO_disk_ioctl  fatfs_sd_sdio.o
    0x08002a5e   0x00000002   PAD
    0x08002a60   0x000000a8   Code   RO         3402    i.TM_FATFS_SD_SDIO_disk_read  fatfs_sd_sdio.o
    0x08002b08   0x00000038   Code   RO         3403    i.TM_FATFS_SD_SDIO_disk_status  fatfs_sd_sdio.o
    0x08002b40   0x000000ac   Code   RO         3404    i.TM_FATFS_SD_SDIO_disk_write  fatfs_sd_sdio.o
    0x08002bec   0x00000004   Code   RO         2735    i.TM_FATFS_SPI_FLASH_disk_initialize  diskio.o
    0x08002bf0   0x00000006   Code   RO         2736    i.TM_FATFS_SPI_FLASH_disk_ioctl  diskio.o
    0x08002bf6   0x00000006   Code   RO         2737    i.TM_FATFS_SPI_FLASH_disk_read  diskio.o
    0x08002bfc   0x00000004   Code   RO         2738    i.TM_FATFS_SPI_FLASH_disk_status  diskio.o
    0x08002c00   0x00000006   Code   RO         2739    i.TM_FATFS_SPI_FLASH_disk_write  diskio.o
    0x08002c06   0x00000004   Code   RO         2740    i.TM_FATFS_USB_disk_initialize  diskio.o
    0x08002c0a   0x00000006   Code   RO         2741    i.TM_FATFS_USB_disk_ioctl  diskio.o
    0x08002c10   0x00000006   Code   RO         2742    i.TM_FATFS_USB_disk_read  diskio.o
    0x08002c16   0x00000004   Code   RO         2743    i.TM_FATFS_USB_disk_status  diskio.o
    0x08002c1a   0x00000006   Code   RO         2744    i.TM_FATFS_USB_disk_write  diskio.o
    0x08002c20   0x00000048   Code   RO         2440    i.TM_GPIO_DeInit    tm_stm32f4_gpio.o
    0x08002c68   0x0000000e   Code   RO         2443    i.TM_GPIO_GetPortSource  tm_stm32f4_gpio.o
    0x08002c76   0x00000002   PAD
    0x08002c78   0x00000020   Code   RO         2446    i.TM_GPIO_INT_EnableClock  tm_stm32f4_gpio.o
    0x08002c98   0x000000b0   Code   RO         2447    i.TM_GPIO_INT_Init  tm_stm32f4_gpio.o
    0x08002d48   0x0000006e   Code   RO         2449    i.TM_GPIO_InitAlternate  tm_stm32f4_gpio.o
    0x08002db6   0x00000032   Code   RO         2455    i.TM_GPIO_SetPullResistor  tm_stm32f4_gpio.o
    0x08002de8   0x00000080   Code   RO          407    i.UART1_Config      usart.o
    0x08002e68   0x00000018   Code   RO         1675    i.USART_Cmd         stm32f4xx_usart.o
    0x08002e80   0x0000001a   Code   RO         1678    i.USART_GetFlagStatus  stm32f4xx_usart.o
    0x08002e9a   0x00000002   PAD
    0x08002e9c   0x000000d4   Code   RO         1682    i.USART_Init        stm32f4xx_usart.o
    0x08002f70   0x00000028   Code   RO          408    i.USART_SendChar    usart.o
    0x08002f98   0x00000008   Code   RO         1692    i.USART_SendData    stm32f4xx_usart.o
    0x08002fa0   0x00000016   Code   RO          409    i.USART_SendString  usart.o
    0x08002fb6   0x00000002   PAD
    0x08002fb8   0x0000002c   Code   RO          262    i.Write_MFRC522     rfid_rc522.o
    0x08002fe4   0x0000000e   Code   RO         3778    i._is_digit         c_w.l(__printf_wp.o)
    0x08002ff2   0x00000002   PAD
    0x08002ff4   0x00000090   Code   RO         2951    i.check_fs          ff.o
    0x08003084   0x00000014   Code   RO         2952    i.chk_chr           ff.o
    0x08003098   0x0000008c   Code   RO         2953    i.chk_lock          ff.o
    0x08003124   0x00000030   Code   RO         2954    i.clear_lock        ff.o
    0x08003154   0x0000001a   Code   RO         2955    i.clust2sect        ff.o
    0x0800316e   0x00000002   PAD
    0x08003170   0x000000a0   Code   RO         2956    i.cmp_lfn           ff.o
    0x08003210   0x00000020   Code   RO            4    i.compareArrays     main.o
    0x08003230   0x000000d6   Code   RO         2957    i.create_chain      ff.o
    0x08003306   0x00000002   PAD
    0x08003308   0x00000298   Code   RO         2958    i.create_name       ff.o
    0x080035a0   0x0000004c   Code   RO         2959    i.dec_lock          ff.o
    0x080035ec   0x0000005c   Code   RO         2960    i.dir_alloc         ff.o
    0x08003648   0x000000ea   Code   RO         2961    i.dir_find          ff.o
    0x08003732   0x0000010e   Code   RO         2962    i.dir_next          ff.o
    0x08003840   0x00000136   Code   RO         2964    i.dir_register      ff.o
    0x08003976   0x0000009e   Code   RO         2966    i.dir_sdi           ff.o
    0x08003a14   0x00000028   Code   RO         2745    i.disk_initialize   diskio.o
    0x08003a3c   0x00000030   Code   RO         2746    i.disk_ioctl        diskio.o
    0x08003a6c   0x00000040   Code   RO         2747    i.disk_read         diskio.o
    0x08003aac   0x0000002c   Code   RO         2748    i.disk_status       diskio.o
    0x08003ad8   0x00000040   Code   RO         2749    i.disk_write        diskio.o
    0x08003b18   0x00000028   Code   RO         2967    i.enq_lock          ff.o
    0x08003b40   0x0000002a   Code   RO         2971    i.f_close           ff.o
    0x08003b6a   0x0000017e   Code   RO         2979    i.f_lseek           ff.o
    0x08003ce8   0x00000060   Code   RO         2982    i.f_mount           ff.o
    0x08003d48   0x000001bc   Code   RO         2983    i.f_open            ff.o
    0x08003f04   0x000001a0   Code   RO         2988    i.f_read            ff.o
    0x080040a4   0x000000b0   Code   RO         2993    i.f_sync            ff.o
    0x08004154   0x0000004c   Code   RO         2693    i.ff_convert        unicode.o
    0x080041a0   0x00000038   Code   RO         2694    i.ff_wtoupper       unicode.o
    0x080041d8   0x000003a0   Code   RO         2998    i.find_volume       ff.o
    0x08004578   0x00000080   Code   RO         2999    i.fit_lfn           ff.o
    0x080045f8   0x000000ae   Code   RO         3000    i.follow_path       ff.o
    0x080046a6   0x00000002   PAD
    0x080046a8   0x000000b4   Code   RO         3001    i.gen_numname       ff.o
    0x0800475c   0x000000f2   Code   RO         3003    i.get_fat           ff.o
    0x0800484e   0x00000002   PAD
    0x08004850   0x00000008   Code   RO         2750    i.get_fattime       diskio.o
    0x08004858   0x000000c0   Code   RO         3005    i.get_ldnumber      ff.o
    0x08004918   0x000000dc   Code   RO         3006    i.inc_lock          ff.o
    0x080049f4   0x00000020   Code   RO         3007    i.ld_clust          ff.o
    0x08004a14   0x000001f4   Code   RO            5    i.main              main.o
    0x08004c08   0x00000026   Code   RO         3008    i.mem_cmp           ff.o
    0x08004c2e   0x0000001a   Code   RO         3009    i.mem_cpy           ff.o
    0x08004c48   0x00000014   Code   RO         3010    i.mem_set           ff.o
    0x08004c5c   0x00000034   Code   RO         3011    i.move_window       ff.o
    0x08004c90   0x00000142   Code   RO         3014    i.put_fat           ff.o
    0x08004dd2   0x0000006c   Code   RO         3016    i.remove_chain      ff.o
    0x08004e3e   0x00000002   PAD
    0x08004e40   0x00000030   Code   RO            6    i.showFileContent   main.o
    0x08004e70   0x00000010   Code   RO         3017    i.st_clust          ff.o
    0x08004e80   0x00000020   Code   RO         3018    i.sum_sfn           ff.o
    0x08004ea0   0x000000c8   Code   RO         3019    i.sync_fs           ff.o
    0x08004f68   0x00000052   Code   RO         3020    i.sync_window       ff.o
    0x08004fba   0x00000032   Code   RO         3021    i.validate          ff.o
    0x08004fec   0x0000000a   Code   RO         3952    x$fpl$fpinit        fz_wm.l(fpinit.o)
    0x08004ff6   0x000004c0   Data   RO         2695    .constdata          unicode.o
    0x080054b6   0x00000002   PAD
    0x080054b8   0x000000e0   Data   RO         3023    .constdata          ff.o
    0x08005598   0x00000028   Data   RO         3751    .constdata          c_w.l(_printf_hex_int.o)
    0x080055c0   0x00000011   Data   RO         3781    .constdata          c_w.l(__printf_flags_wp.o)
    0x080055d1   0x00000003   PAD
    0x080055d4   0x00000046   Data   RO         3024    .conststring        ff.o
    0x0800561a   0x00000002   PAD
    0x0800561c   0x00000020   Data   RO         4041    Region$$Table       anon$$obj.o


    Execution Region RW_IRAM1 (Base: 0x20000000, Size: 0x00000ff0, Max: 0x00020000, ABSOLUTE)

    Base Addr    Size         Type   Attr      Idx    E Section Name        Object

    0x20000000   0x0000000c   Data   RW            8    .data               main.o
    0x2000000c   0x00000010   Data   RW          652    .data               stm32f4xx_rcc.o
    0x2000001c   0x00000011   Data   RW         2260    .data               tm_stm32f4_delay.o
    0x2000002d   0x00000003   PAD
    0x20000030   0x000000b4   Data   RW         2751    .data               diskio.o
    0x200000e4   0x00000003   Data   RW         3025    .data               ff.o
    0x200000e7   0x00000001   PAD
    0x200000e8   0x00000019   Data   RW         3407    .data               fatfs_sd_sdio.o
    0x20000101   0x00000003   PAD
    0x20000104   0x000004ec   Zero   RW            7    .bss                main.o
    0x200005f0   0x00000018   Zero   RW         2259    .bss                tm_stm32f4_delay.o
    0x20000608   0x00000016   Zero   RW         2456    .bss                tm_stm32f4_gpio.o
    0x2000061e   0x00000002   PAD
    0x20000620   0x0000029c   Zero   RW         3022    .bss                ff.o
    0x200008bc   0x00000004   PAD
    0x200008c0   0x000000cc   Zero   RW         3406    .bss                fatfs_sd_sdio.o
    0x2000098c   0x00000060   Zero   RW         3914    .bss                c_w.l(libspace.o)
    0x200009ec   0x00000004   PAD
    0x200009f0   0x00000200   Zero   RW         2239    HEAP                startup_stm32f40xx.o
    0x20000bf0   0x00000400   Zero   RW         2238    STACK               startup_stm32f40xx.o


==============================================================================

Image component sizes


      Code (inc. data)   RO Data    RW Data    ZI Data      Debug   Object Name

       346         32          0        180          0      17157   diskio.o
      5684        330          0         25        204      37468   fatfs_sd_sdio.o
      7194        108        294          3        668      36771   ff.o
       580        188          0         12       1260     330262   main.o
       140         24          0          0          0       1955   misc.o
       708         16          0          0          0       7025   rfid_rc522.o
       224         14          0          0          0        654   spi.o
        64         26        392          0       1536       1000   startup_stm32f40xx.o
       586         40          0          0          0       5852   stm32f4xx_dma.o
       224          0          0          0          0       3535   stm32f4xx_gpio.o
       328         36          0         16          0       5363   stm32f4xx_rcc.o
       326         68          0          0          0      11321   stm32f4xx_sdio.o
       136          0          0          0          0       4919   stm32f4xx_spi.o
       166         28          0          0          0       3567   stm32f4xx_tim.o
       270          8          0          0          0       3916   stm32f4xx_usart.o
       340         32          0          0          0       1557   system_stm32f4xx.o
        92          8          0          0          0       1009   tim.o
       176         14          0         17         24       2374   tm_stm32f4_delay.o
         4          0          0          0          0       2602   tm_stm32f4_fatfs.o
       454         16          0          0         22       4648   tm_stm32f4_gpio.o
       132         16       1216          0          0       1807   unicode.o
       190         14          0          0          0       1663   usart.o

    ----------------------------------------------------------------------
     18396       1018       1938        260       3720     486425   Object Totals
         0          0         32          0          0          0   (incl. Generated)
        32          0          4          7          6          0   (incl. Padding)

    ----------------------------------------------------------------------

      Code (inc. data)   RO Data    RW Data    ZI Data      Debug   Library Member Name

         8          0          0          0          0         68   __main.o
       312          4         17          0          0         92   __printf_flags_wp.o
        14          0          0          0          0         68   __printf_wp.o
         0          0          0          0          0          0   __rtentry.o
        12          0          0          0          0          0   __rtentry2.o
         6          0          0          0          0          0   __rtentry4.o
        52          8          0          0          0          0   __scatter.o
        26          0          0          0          0          0   __scatter_copy.o
        28          0          0          0          0          0   __scatter_zi.o
        48          6          0          0          0         96   _printf_char_common.o
         6          0          0          0          0          0   _printf_d.o
       120         16          0          0          0         92   _printf_dec.o
        88          4         40          0          0         88   _printf_hex_int.o
       178          0          0          0          0         88   _printf_intcommon.o
        78          0          0          0          0        108   _printf_pad.o
         0          0          0          0          0          0   _printf_percent.o
         4          0          0          0          0          0   _printf_percent_end.o
         6          0          0          0          0          0   _printf_x.o
        10          0          0          0          0         68   _sputc.o
        18          0          0          0          0         80   exit.o
         6          0          0          0          0        152   heapauxi.o
         0          0          0          0          0          0   indicate_semi.o
         2          0          0          0          0          0   libinit.o
         6          0          0          0          0          0   libinit2.o
         2          0          0          0          0          0   libshutdown.o
         2          0          0          0          0          0   libshutdown2.o
         8          4          0          0         96         68   libspace.o
       238          0          0          0          0        100   lludivv7m.o
        40          6          0          0          0         84   noretval__2sprintf.o
       138          0          0          0          0         68   rt_memcpy_v6.o
       100          0          0          0          0         80   rt_memcpy_w.o
         2          0          0          0          0          0   rtexit.o
        10          0          0          0          0          0   rtexit2.o
        12          4          0          0          0         68   sys_exit.o
        74          0          0          0          0         80   sys_stackheap_outer.o
         2          0          0          0          0         68   use_no_semi.o
        10          0          0          0          0        116   fpinit.o

    ----------------------------------------------------------------------
      1682         52         60          0        100       1732   Library Totals
        16          0          3          0          4          0   (incl. Padding)

    ----------------------------------------------------------------------

      Code (inc. data)   RO Data    RW Data    ZI Data      Debug   Library Name

      1656         52         57          0         96       1616   c_w.l
        10          0          0          0          0        116   fz_wm.l

    ----------------------------------------------------------------------
      1682         52         60          0        100       1732   Library Totals

    ----------------------------------------------------------------------

==============================================================================


      Code (inc. data)   RO Data    RW Data    ZI Data      Debug   

     20078       1070       1998        260       3820     470577   Grand Totals
     20078       1070       1998        260       3820     470577   ELF Image Totals
     20078       1070       1998        260          0          0   ROM Totals

==============================================================================

    Total RO  Size (Code + RO Data)                22076 (  21.56kB)
    Total RW  Size (RW Data + ZI Data)              4080 (   3.98kB)
    Total ROM Size (Code + RO Data + RW Data)      22336 (  21.81kB)

==============================================================================

